Archive member included to satisfy reference by file (symbol)

/Users/echo/Development/arm-gnu-toolchain/arm64-arm-none-eabi12/bin/../lib/gcc/arm-none-eabi/12.2.1/../../../../arm-none-eabi/lib/thumb/v7e-m+fp/hard/libc_nano.a(libc_a-exit.o)
                              /Users/echo/Development/arm-gnu-toolchain/arm64-arm-none-eabi12/bin/../lib/gcc/arm-none-eabi/12.2.1/../../../../arm-none-eabi/lib/thumb/v7e-m+fp/hard/crt0.o (exit)
/Users/echo/Development/arm-gnu-toolchain/arm64-arm-none-eabi12/bin/../lib/gcc/arm-none-eabi/12.2.1/../../../../arm-none-eabi/lib/thumb/v7e-m+fp/hard/libc_nano.a(libc_a-findfp.o)
                              /Users/echo/Development/arm-gnu-toolchain/arm64-arm-none-eabi12/bin/../lib/gcc/arm-none-eabi/12.2.1/../../../../arm-none-eabi/lib/thumb/v7e-m+fp/hard/libc_nano.a(libc_a-exit.o) (__stdio_exit_handler)
/Users/echo/Development/arm-gnu-toolchain/arm64-arm-none-eabi12/bin/../lib/gcc/arm-none-eabi/12.2.1/../../../../arm-none-eabi/lib/thumb/v7e-m+fp/hard/libc_nano.a(libc_a-fwalk.o)
                              /Users/echo/Development/arm-gnu-toolchain/arm64-arm-none-eabi12/bin/../lib/gcc/arm-none-eabi/12.2.1/../../../../arm-none-eabi/lib/thumb/v7e-m+fp/hard/libc_nano.a(libc_a-findfp.o) (_fwalk_sglue)
/Users/echo/Development/arm-gnu-toolchain/arm64-arm-none-eabi12/bin/../lib/gcc/arm-none-eabi/12.2.1/../../../../arm-none-eabi/lib/thumb/v7e-m+fp/hard/libc_nano.a(libc_a-vsprintf.o)
                              build/log_stm32.o (vsprintf)
/Users/echo/Development/arm-gnu-toolchain/arm64-arm-none-eabi12/bin/../lib/gcc/arm-none-eabi/12.2.1/../../../../arm-none-eabi/lib/thumb/v7e-m+fp/hard/libc_nano.a(libc_a-printf.o)
                              build/mpu6050_SL.o (printf)
/Users/echo/Development/arm-gnu-toolchain/arm64-arm-none-eabi12/bin/../lib/gcc/arm-none-eabi/12.2.1/../../../../arm-none-eabi/lib/thumb/v7e-m+fp/hard/libc_nano.a(libc_a-puts.o)
                              build/inv_mpu.o (puts)
/Users/echo/Development/arm-gnu-toolchain/arm64-arm-none-eabi12/bin/../lib/gcc/arm-none-eabi/12.2.1/../../../../arm-none-eabi/lib/thumb/v7e-m+fp/hard/libc_nano.a(libc_a-memcmp.o)
                              build/inv_mpu.o (memcmp)
/Users/echo/Development/arm-gnu-toolchain/arm64-arm-none-eabi12/bin/../lib/gcc/arm-none-eabi/12.2.1/../../../../arm-none-eabi/lib/thumb/v7e-m+fp/hard/libc_nano.a(libc_a-memmove.o)
                              build/start_manager.o (memmove)
/Users/echo/Development/arm-gnu-toolchain/arm64-arm-none-eabi12/bin/../lib/gcc/arm-none-eabi/12.2.1/../../../../arm-none-eabi/lib/thumb/v7e-m+fp/hard/libc_nano.a(libc_a-memset.o)
                              /Users/echo/Development/arm-gnu-toolchain/arm64-arm-none-eabi12/bin/../lib/gcc/arm-none-eabi/12.2.1/../../../../arm-none-eabi/lib/thumb/v7e-m+fp/hard/crt0.o (memset)
/Users/echo/Development/arm-gnu-toolchain/arm64-arm-none-eabi12/bin/../lib/gcc/arm-none-eabi/12.2.1/../../../../arm-none-eabi/lib/thumb/v7e-m+fp/hard/libc_nano.a(libc_a-impure.o)
                              /Users/echo/Development/arm-gnu-toolchain/arm64-arm-none-eabi12/bin/../lib/gcc/arm-none-eabi/12.2.1/../../../../arm-none-eabi/lib/thumb/v7e-m+fp/hard/libc_nano.a(libc_a-vsprintf.o) (_impure_ptr)
/Users/echo/Development/arm-gnu-toolchain/arm64-arm-none-eabi12/bin/../lib/gcc/arm-none-eabi/12.2.1/../../../../arm-none-eabi/lib/thumb/v7e-m+fp/hard/libc_nano.a(libc_a-errno.o)
                              build/syscalls.o (__errno)
/Users/echo/Development/arm-gnu-toolchain/arm64-arm-none-eabi12/bin/../lib/gcc/arm-none-eabi/12.2.1/../../../../arm-none-eabi/lib/thumb/v7e-m+fp/hard/libc_nano.a(libc_a-init.o)
                              /Users/echo/Development/arm-gnu-toolchain/arm64-arm-none-eabi12/bin/../lib/gcc/arm-none-eabi/12.2.1/../../../../arm-none-eabi/lib/thumb/v7e-m+fp/hard/crt0.o (__libc_init_array)
/Users/echo/Development/arm-gnu-toolchain/arm64-arm-none-eabi12/bin/../lib/gcc/arm-none-eabi/12.2.1/../../../../arm-none-eabi/lib/thumb/v7e-m+fp/hard/libc_nano.a(libc_a-lock.o)
                              /Users/echo/Development/arm-gnu-toolchain/arm64-arm-none-eabi12/bin/../lib/gcc/arm-none-eabi/12.2.1/../../../../arm-none-eabi/lib/thumb/v7e-m+fp/hard/libc_nano.a(libc_a-findfp.o) (__retarget_lock_init_recursive)
/Users/echo/Development/arm-gnu-toolchain/arm64-arm-none-eabi12/bin/../lib/gcc/arm-none-eabi/12.2.1/../../../../arm-none-eabi/lib/thumb/v7e-m+fp/hard/libc_nano.a(libc_a-memcpy-stub.o)
                              build/crsf.o (memcpy)
/Users/echo/Development/arm-gnu-toolchain/arm64-arm-none-eabi12/bin/../lib/gcc/arm-none-eabi/12.2.1/../../../../arm-none-eabi/lib/thumb/v7e-m+fp/hard/libc_nano.a(libc_a-strlen.o)
                              build/streambuf.o (strlen)
/Users/echo/Development/arm-gnu-toolchain/arm64-arm-none-eabi12/bin/../lib/gcc/arm-none-eabi/12.2.1/../../../../arm-none-eabi/lib/thumb/v7e-m+fp/hard/libc_nano.a(libc_a-nano-svfprintf.o)
[...]
Memory Configuration

Name             Origin             Length             Attributes
RAM              0x20000000         0x00020000         xrw
FLASH            0x08000000         0x00080000         xr
*default*        0x00000000         0xffffffff

Linker script and memory map

LOAD /Users/echo/Development/arm-gnu-toolchain/arm64-arm-none-eabi12/bin/../lib/gcc/arm-none-eabi/12.2.1/thumb/v7e-m+fp/hard/crti.o
LOAD /Users/echo/Development/arm-gnu-toolchain/arm64-arm-none-eabi12/bin/../lib/gcc/arm-none-eabi/12.2.1/thumb/v7e-m+fp/hard/crtbegin.o
LOAD /Users/echo/Development/arm-gnu-toolchain/arm64-arm-none-eabi12/bin/../lib/gcc/arm-none-eabi/12.2.1/../../../../arm-none-eabi/lib/thumb/v7e-m+fp/hard/crt0.o
LOAD build/main.o
LOAD build/stm32f4xx_it.o
LOAD build/syscalls.o
LOAD build/Dshot.o
LOAD build/Dshot_tim.o
LOAD build/crsf.o
LOAD build/iic.o
LOAD build/system.o
LOAD build/uart.o
LOAD build/crc.o
LOAD build/streambuf.o
LOAD build/stm32f4xx_hal_timebase_tim.o
LOAD build/freertos.o
LOAD build/stm32f4xx_hal_tim.o
LOAD build/stm32f4xx_hal_tim_ex.o
LOAD build/stm32f4xx_hal_rcc.o
LOAD build/stm32f4xx_hal_rcc_ex.o
LOAD build/stm32f4xx_hal_flash.o
LOAD build/stm32f4xx_hal_flash_ex.o
LOAD build/stm32f4xx_hal_flash_ramfunc.o
LOAD build/stm32f4xx_hal_gpio.o
LOAD build/stm32f4xx_hal_dma_ex.o
LOAD build/stm32f4xx_hal_dma.o
LOAD build/stm32f4xx_hal_pwr.o
LOAD build/stm32f4xx_hal_pwr_ex.o
LOAD build/stm32f4xx_hal_cortex.o
LOAD build/stm32f4xx_hal.o
LOAD build/stm32f4xx_hal_exti.o
LOAD build/stm32f4xx_hal_uart.o
LOAD build/stm32f4xx_hal_i2c.o
LOAD build/stm32f4xx_hal_i2c_ex.o
LOAD build/system_stm32f4xx.o
LOAD build/inv_mpu.o
LOAD build/inv_mpu_dmp_motion_driver.o
LOAD build/log_stm32.o
LOAD build/eMPL_outputs.o
LOAD build/data_builder.o
LOAD build/hal_outputs.o
LOAD build/message_layer.o
LOAD build/ml_math_func.o
LOAD build/mlmath.o
LOAD build/mpl.o
LOAD build/results_holder.o
LOAD build/start_manager.o
LOAD build/storage_manager.o
LOAD build/STM32F4_porting.o
LOAD build/pidControl.o
LOAD build/mpu6050_init.o
LOAD build/mpu6050_SL.o
LOAD build/event_groups.o
LOAD build/list.o
LOAD build/queue.o
LOAD build/stream_buffer.o
LOAD build/tasks.o
LOAD build/timers.o
LOAD build/croutine.o
LOAD build/port.o
LOAD build/heap_4.o
LOAD build/startup_stm32f411xe.o
LOAD /Users/echo/Development/arm-gnu-toolchain/arm64-arm-none-eabi12/bin/../lib/gcc/arm-none-eabi/12.2.1/../../../../arm-none-eabi/lib/thumb/v7e-m+fp/hard/libc_nano.a
LOAD /Users/echo/Development/arm-gnu-toolchain/arm64-arm-none-eabi12/bin/../lib/gcc/arm-none-eabi/12.2.1/../../../../arm-none-eabi/lib/thumb/v7e-m+fp/hard/libm.a
LOAD /Users/echo/Development/arm-gnu-toolchain/arm64-arm-none-eabi12/bin/../lib/gcc/arm-none-eabi/12.2.1/../../../../arm-none-eabi/lib/thumb/v7e-m+fp/hard/libnosys.a
LOAD Middlewares/MPU6050_Motion_Driver/mpl/liblibmplmpu.a
START GROUP
LOAD /Users/echo/Development/arm-gnu-toolchain/arm64-arm-none-eabi12/bin/../lib/gcc/arm-none-eabi/12.2.1/thumb/v7e-m+fp/hard/libgcc.a
LOAD /Users/echo/Development/arm-gnu-toolchain/arm64-arm-none-eabi12/bin/../lib/gcc/arm-none-eabi/12.2.1/../../../../arm-none-eabi/lib/thumb/v7e-m+fp/hard/libc_nano.a
END GROUP
START GROUP
LOAD /Users/echo/Development/arm-gnu-toolchain/arm64-arm-none-eabi12/bin/../lib/gcc/arm-none-eabi/12.2.1/thumb/v7e-m+fp/hard/libgcc.a
LOAD /Users/echo/Development/arm-gnu-toolchain/arm64-arm-none-eabi12/bin/../lib/gcc/arm-none-eabi/12.2.1/../../../../arm-none-eabi/lib/thumb/v7e-m+fp/hard/libc_nano.a
END GROUP
LOAD /Users/echo/Development/arm-gnu-toolchain/arm64-arm-none-eabi12/bin/../lib/gcc/arm-none-eabi/12.2.1/thumb/v7e-m+fp/hard/crtend.o
LOAD /Users/echo/Development/arm-gnu-toolchain/arm64-arm-none-eabi12/bin/../lib/gcc/arm-none-eabi/12.2.1/thumb/v7e-m+fp/hard/crtn.o
                0x20020000                        _estack = (ORIGIN (RAM) + LENGTH (RAM))
                0x00000200                        _Min_Heap_Size = 0x200
                0x00000400                        _Min_Stack_Size = 0x400

.isr_vector     0x08000000      0x198
                0x08000000                        . = ALIGN (0x4)
 *(.isr_vector)
 .isr_vector    0x08000000      0x198 build/startup_stm32f411xe.o
                0x08000000                g_pfnVectors
                0x08000198                        . = ALIGN (0x4)

.text           0x080001a0    0x10f8c
                0x080001a0                        . = ALIGN (0x4)
 *(.text)
 .text          0x080001a0       0xa0 /Users/echo/Development/arm-gnu-toolchain/arm64-arm-none-eabi12/bin/../lib/gcc/arm-none-eabi/12.2.1/../../../../arm-none-eabi/lib/thumb/v7e-m+fp/hard/libc_nano.a(libc_a-memchr.o)
                0x080001a0                memchr
 .text          0x08000240      0xd90 Middlewares/MPU6050_Motion_Driver/mpl/liblibmplmpu.a(fast_no_motion.o)
                0x080003dc                inv_init_maxmin
                0x08000474                inv_start_fast_nomot
                0x080004b4                inv_fast_nomot_parameter
                0x080004c0                inv_fast_nomot_parameter_3rd
                0x080005a0                inv_fast_nomot_set_gyro_bias
                0x08000670                inv_set_fast_nomot_compass_threshold
                0x0800067c                int_set_fast_nomot_gyro_threshold
                0x08000688                inv_set_fast_nomot_accel_threshold
                0x08000694                inv_get_fast_nomot_compass_param
                0x080006b4                inv_get_fast_nomot_accel_param
                0x080006d4                inv_fast_nomot_store_data
                0x08000774                inv_fast_nomot_store_data_compass
                0x080007c0                inv_fast_nomot_reset_data_compass
                0x080007ec                inv_fast_nomot_get_time_elaps
                0x080007f8                inv_fast_nomot_parameter_compass
                0x08000810                inv_get_right_shift_by_rounding
                0x08000890                inv_reset_min_max_gyro_accel_statistics
                0x080008c4                inv_record_max_moment_in_no_motion_gyro
                0x080008f8                inv_record_max_moment_in_no_motion_accel
                0x0800092c                inv_record_min_moment_in_motion_gyro
                0x08000960                inv_record_min_moment_in_motion_accel
                0x08000994                inv_detect_motion_by_gyro_accel
                0x08000ad8                inv_sensor_data_preprocess
                0x08000b78                inv_generate_fast_nomot
                0x08000ec4                inv_set_default_number_of_samples
                0x08000f14                inv_init_fast_nomot
                0x08000f7c                inv_stop_fast_nomot
                0x08000f94                inv_enable_fast_nomot
                0x08000fac                inv_disable_fast_nomot
                0x08000fc0                inv_get_fnm_gyro_no_motion_param
                0x08000fcc                inv_fnm_debug_print
 .text          0x08000fd0      0x760 Middlewares/MPU6050_Motion_Driver/mpl/liblibmplmpu.a(fusion_9axis.o)
                0x08000fd0                inv_start_9x_sensor_fusion
                0x08000fe0                inv_filter_correction_angle
                0x080011d0                inv_perform_9x_fusion
                0x080015ec                inv_process_9x_sensor_fusion_cb
                0x08001684                inv_init_9x_fusion
                0x080016c0                inv_9x_fusion_set_mag_fb
                0x080016d0                inv_9x_fusion_enable_jitter_reduction
                0x080016e0                inv_9x_fusion_use_timestamps
                0x080016f0                inv_stop_9x_sensor_fusion
                0x080016fc                inv_enable_9x_sensor_fusion
                0x08001720                inv_disable_9x_sensor_fusion
 .text          0x08001730      0x5a0 Middlewares/MPU6050_Motion_Driver/mpl/liblibmplmpu.a(gyro_tc.o)
                0x08001730                inv_start_gyro_tc
                0x08001ba8                inv_init_gyro_ts
                0x08001be0                inv_set_gtc_max_temp
                0x08001bf0                inv_set_gtc_min_temp
                0x08001c00                inv_set_gtc_min_diff
                0x08001c10                inv_get_gyro_ts
                0x08001c34                inv_set_gyro_ts
                0x08001c38                inv_set_gtc_order
                0x08001c50                inv_print_gtc_data
                0x08001c54                inv_stop_gyro_tc
                0x08001c60                inv_enable_gyro_tc
                0x08001ca0                inv_disable_gyro_tc
 .text          0x08001cd0      0x680 Middlewares/MPU6050_Motion_Driver/mpl/liblibmplmpu.a(mag_disturb.o)
                0x08001cd0                inv_start_magnetic_disturbance
                0x08001ce0                inv_set_magnetic_disturbance
                0x08001cf8                inv_init_magnetic_disturbance
                0x08001d44                inv_stop_magnetic_disturbance
                0x08001d50                inv_enable_magnetic_disturbance
                0x08001d7c                inv_disable_magnetic_disturbance
                0x08001d94                inv_disable_dip_tracking
                0x08001da4                inv_enable_dip_tracking
                0x08001db4                inv_track_dip_angle
                0x08001e4c                ComputeAngleVelocity
                0x08001eac                Mag3ofNormalizedLong
                0x08001f00                MagDisturbSetDisturbance
                0x08001f80                MagDisturbCheckSettling
                0x08001fd8                inv_check_magnetic_disturbance
                0x0800230c                inv_magnetic_disturbance_process
                0x08002344                inv_get_magnetic_disturbance_state
 .text          0x08002350      0xa78 Middlewares/MPU6050_Motion_Driver/mpl/liblibmplmpu.a(quaternion_supervisor.o)
                0x08002420                inv_start_quaternion
                0x0800258c                inv_generate_gyro_quaternion
                0x08002598                inv_set_quaternion
                0x080025c8                inv_generate_accel_gyro_quaternion
                0x08002d60                inv_stop_quaternion
                0x08002d6c                inv_init_quaternion
                0x08002d90                inv_enable_quaternion
                0x08002da8                inv_disable_quaternion
 .text          0x08002dc8      0x378 /Users/echo/Development/arm-gnu-toolchain/arm64-arm-none-eabi12/bin/../lib/gcc/arm-none-eabi/12.2.1/thumb/v7e-m+fp/hard/libgcc.a(_arm_addsubdf3.o)
                0x08002dc8                __aeabi_drsub
                0x08002dd0                __subdf3
                0x08002dd0                __aeabi_dsub
                0x08002dd4                __aeabi_dadd
                0x08002dd4                __adddf3
                0x0800304c                __aeabi_ui2d
                0x0800304c                __floatunsidf
                0x0800306c                __floatsidf
                0x0800306c                __aeabi_i2d
                0x08003090                __extendsfdf2
                0x08003090                __aeabi_f2d
                0x080030d4                __aeabi_ul2d
                0x080030d4                __floatundidf
                0x080030e4                __aeabi_l2d
                0x080030e4                __floatdidf
 .text          0x08003140      0x424 /Users/echo/Development/arm-gnu-toolchain/arm64-arm-none-eabi12/bin/../lib/gcc/arm-none-eabi/12.2.1/thumb/v7e-m+fp/hard/libgcc.a(_arm_muldivdf3.o)
                0x08003140                __aeabi_dmul
                0x08003140                __muldf3
                0x08003394                __aeabi_ddiv
                0x08003394                __divdf3
 .text          0x08003564      0x110 /Users/echo/Development/arm-gnu-toolchain/arm64-arm-none-eabi12/bin/../lib/gcc/arm-none-eabi/12.2.1/thumb/v7e-m+fp/hard/libgcc.a(_arm_cmpdf2.o)
                0x08003564                __gedf2
                0x08003564                __gtdf2
                0x0800356c                __ledf2
                0x0800356c                __ltdf2
                0x08003574                __cmpdf2
                0x08003574                __eqdf2
                0x08003574                __nedf2
                0x080035f0                __aeabi_cdrcmple
                0x08003600                __aeabi_cdcmple
                0x08003600                __aeabi_cdcmpeq
                0x08003610                __aeabi_dcmpeq
                0x08003624                __aeabi_dcmplt
                0x08003638                __aeabi_dcmple
                0x0800364c                __aeabi_dcmpge
                0x08003660                __aeabi_dcmpgt
 .text          0x08003674       0x2c /Users/echo/Development/arm-gnu-toolchain/arm64-arm-none-eabi12/bin/../lib/gcc/arm-none-eabi/12.2.1/thumb/v7e-m+fp/hard/libgcc.a(_arm_unorddf2.o)
                0x08003674                __aeabi_dcmpun
                0x08003674                __unorddf2
 .text          0x080036a0       0x50 /Users/echo/Development/arm-gnu-toolchain/arm64-arm-none-eabi12/bin/../lib/gcc/arm-none-eabi/12.2.1/thumb/v7e-m+fp/hard/libgcc.a(_arm_fixdfsi.o)
                0x080036a0                __fixdfsi
                0x080036a0                __aeabi_d2iz
 .text          0x080036f0       0x40 /Users/echo/Development/arm-gnu-toolchain/arm64-arm-none-eabi12/bin/../lib/gcc/arm-none-eabi/12.2.1/thumb/v7e-m+fp/hard/libgcc.a(_arm_fixunsdfsi.o)
                0x080036f0                __fixunsdfsi
                0x080036f0                __aeabi_d2uiz
 .text          0x08003730       0xa0 /Users/echo/Development/arm-gnu-toolchain/arm64-arm-none-eabi12/bin/../lib/gcc/arm-none-eabi/12.2.1/thumb/v7e-m+fp/hard/libgcc.a(_arm_truncdfsf2.o)
                0x08003730                __aeabi_d2f
                0x08003730                __truncdfsf2
 .text          0x080037d0      0x21c /Users/echo/Development/arm-gnu-toolchain/arm64-arm-none-eabi12/bin/../lib/gcc/arm-none-eabi/12.2.1/thumb/v7e-m+fp/hard/libgcc.a(_arm_addsubsf3.o)
                0x080037d0                __aeabi_frsub
                0x080037d8                __aeabi_fsub
                0x080037d8                __subsf3
                0x080037dc                __aeabi_fadd
                0x080037dc                __addsf3
                0x0800393c                __aeabi_ui2f
                0x0800393c                __floatunsisf
                0x08003944                __floatsisf
                0x08003944                __aeabi_i2f
                0x08003960                __aeabi_ul2f
                0x08003960                __floatundisf
                0x08003970                __aeabi_l2f
                0x08003970                __floatdisf
 .text          0x080039ec       0xa0 /Users/echo/Development/arm-gnu-toolchain/arm64-arm-none-eabi12/bin/../lib/gcc/arm-none-eabi/12.2.1/thumb/v7e-m+fp/hard/libgcc.a(_aeabi_ldivmod.o)
                0x080039ec                __aeabi_ldivmod
 .text          0x08003a8c       0x30 /Users/echo/Development/arm-gnu-toolchain/arm64-arm-none-eabi12/bin/../lib/gcc/arm-none-eabi/12.2.1/thumb/v7e-m+fp/hard/libgcc.a(_aeabi_uldivmod.o)
                0x08003a8c                __aeabi_uldivmod
 .text          0x08003abc        0x4 /Users/echo/Development/arm-gnu-toolchain/arm64-arm-none-eabi12/bin/../lib/gcc/arm-none-eabi/12.2.1/thumb/v7e-m+fp/hard/libgcc.a(_dvmd_tls.o)
                0x08003abc                __aeabi_ldiv0
                0x08003abc                __aeabi_idiv0
 *(.text*)
 .text.deregister_tm_clones
                0x08003ac0       0x1c /Users/echo/Development/arm-gnu-toolchain/arm64-arm-none-eabi12/bin/../lib/gcc/arm-none-eabi/12.2.1/thumb/v7e-m+fp/hard/crtbegin.o
 .text.register_tm_clones
                0x08003adc       0x24 /Users/echo/Development/arm-gnu-toolchain/arm64-arm-none-eabi12/bin/../lib/gcc/arm-none-eabi/12.2.1/thumb/v7e-m+fp/hard/crtbegin.o
 .text.__do_global_dtors_aux
                0x08003b00       0x28 /Users/echo/Development/arm-gnu-toolchain/arm64-arm-none-eabi12/bin/../lib/gcc/arm-none-eabi/12.2.1/thumb/v7e-m+fp/hard/crtbegin.o
 .text.frame_dummy
                0x08003b28       0x24 /Users/echo/Development/arm-gnu-toolchain/arm64-arm-none-eabi12/bin/../lib/gcc/arm-none-eabi/12.2.1/thumb/v7e-m+fp/hard/crtbegin.o
 .text.vTask2   0x08003b4c       0x4c build/main.o
                0x08003b4c                vTask2
 .text.vTask3   0x08003b98       0x7c build/main.o
                0x08003b98                vTask3
 .text.vTask4   0x08003c14       0x14 build/main.o
                0x08003c14                vTask4
 .text.vTask5   0x08003c28       0x14 build/main.o
                0x08003c28                vTask5
 .text.Error_Handler
                0x08003c3c        0x4 build/main.o
                0x08003c3c                Error_Handler
 .text.SystemClock_Config
                0x08003c40       0xbc build/main.o
                0x08003c40                SystemClock_Config
 .text.MX_DMA_Init
                0x08003cfc       0xbc build/main.o
                0x08003cfc                MX_DMA_Init
 .text.MX_GPIO_Init
                0x08003db8       0x98 build/main.o
                0x08003db8                MX_GPIO_Init
 .text.main     0x08003e50      0x1f4 build/main.o
                0x08003e50                main
 .text.HAL_TIM_PeriodElapsedCallback
                0x08004044       0x18 build/main.o
                0x08004044                HAL_TIM_PeriodElapsedCallback
 .text.NMI_Handler
                0x0800405c        0x2 build/stm32f4xx_it.o
                0x0800405c                NMI_Handler
 .text.HardFault_Handler
                0x0800405e        0x2 build/stm32f4xx_it.o
                0x0800405e                HardFault_Handler
 .text.MemManage_Handler
                0x08004060        0x2 build/stm32f4xx_it.o
                0x08004060                MemManage_Handler
 .text.BusFault_Handler
                0x08004062        0x2 build/stm32f4xx_it.o
                0x08004062                BusFault_Handler
 .text.UsageFault_Handler
                0x08004064        0x2 build/stm32f4xx_it.o
                0x08004064                UsageFault_Handler
 .text.DebugMon_Handler
                0x08004066        0x2 build/stm32f4xx_it.o
                0x08004066                DebugMon_Handler
 .text.DMA1_Stream1_IRQHandler
                0x08004068       0x10 build/stm32f4xx_it.o
                0x08004068                DMA1_Stream1_IRQHandler
 .text.DMA1_Stream3_IRQHandler
                0x08004078       0x10 build/stm32f4xx_it.o
                0x08004078                DMA1_Stream3_IRQHandler
 .text.DMA1_Stream4_IRQHandler
                0x08004088       0x10 build/stm32f4xx_it.o
                0x08004088                DMA1_Stream4_IRQHandler
 .text.DMA1_Stream5_IRQHandler
                0x08004098       0x10 build/stm32f4xx_it.o
                0x08004098                DMA1_Stream5_IRQHandler
 .text.USART1_IRQHandler
                0x080040a8       0x10 build/stm32f4xx_it.o
                0x080040a8                USART1_IRQHandler
 .text.DMA2_Stream5_IRQHandler
                0x080040b8       0x10 build/stm32f4xx_it.o
                0x080040b8                DMA2_Stream5_IRQHandler
 .text.DMA2_Stream7_IRQHandler
                0x080040c8       0x10 build/stm32f4xx_it.o
                0x080040c8                DMA2_Stream7_IRQHandler
 .text.DMA1_Stream0_IRQHandler
                0x080040d8       0x10 build/stm32f4xx_it.o
                0x080040d8                DMA1_Stream0_IRQHandler
 .text.I2C1_EV_IRQHandler
                0x080040e8       0x10 build/stm32f4xx_it.o
                0x080040e8                I2C1_EV_IRQHandler
 .text.I2C1_ER_IRQHandler
                0x080040f8       0x10 build/stm32f4xx_it.o
                0x080040f8                I2C1_ER_IRQHandler
 .text.DMA1_Stream7_IRQHandler
                0x08004108       0x10 build/stm32f4xx_it.o
                0x08004108                DMA1_Stream7_IRQHandler
 .text.TIM1_TRG_COM_TIM11_IRQHandler
                0x08004118       0x10 build/stm32f4xx_it.o
                0x08004118                TIM1_TRG_COM_TIM11_IRQHandler
 .text._write   0x08004128       0x34 build/syscalls.o
                0x08004128                _write
 .text.dshot_set_timer
                0x0800415c       0x30 build/Dshot.o
 .text.dshot_dma_tc_callback
                0x0800418c       0x4c build/Dshot.o
 .text.dshot_put_tc_callback_function
                0x080041d8       0x24 build/Dshot.o
 .text.dshot_prepare_packet
                0x080041fc       0x22 build/Dshot.o
 .text.dshot_prepare_dmabuffer
                0x0800421e       0x30 build/Dshot.o
 *fill*         0x0800424e        0x2 
 .text.dshot_prepare_dmabuffer_all
                0x08004250       0x38 build/Dshot.o
 .text.dshot_enable_dma_request
                0x08004288       0x34 build/Dshot.o
 .text.dshot_dma_start
                0x080042bc       0x58 build/Dshot.o
 .text.dshot_start_pwm
                0x08004314       0x30 build/Dshot.o
 .text.dshot_write
                0x08004344       0x10 build/Dshot.o
                0x08004344                dshot_write
 .text.dshot_init
                0x08004354       0x10 build/Dshot.o
                0x08004354                dshot_init
 .text.HAL_TIM_PWM_MspInit
                0x08004364      0x1a4 build/Dshot_tim.o
                0x08004364                HAL_TIM_PWM_MspInit
 .text.HAL_TIM_MspPostInit
                0x08004508       0x94 build/Dshot_tim.o
                0x08004508                HAL_TIM_MspPostInit
 .text.MX_TIM2_Init
                0x0800459c       0x8c build/Dshot_tim.o
                0x0800459c                MX_TIM2_Init
 .text.MX_TIM5_Init
                0x08004628       0x90 build/Dshot_tim.o
                0x08004628                MX_TIM5_Init
 .text.parseRawRCvalue
                0x080046b8       0x48 build/crsf.o
 .text.parseRcToAngleRate
                0x08004700      0x2b4 build/crsf.o
 .text.crsfFrameCRC
                0x080049b4       0x30 build/crsf.o
 .text.crsfDataReceive
                0x080049e4       0xc4 build/crsf.o
 .text.crsfFrameStatus
                0x08004aa8      0x1ac build/crsf.o
                0x08004aa8                crsfFrameStatus
 .text.ReceiveCRSFdataFromUart
                0x08004c54       0x18 build/crsf.o
                0x08004c54                ReceiveCRSFdataFromUart
 .text.HAL_UART_RxCpltCallback
                0x08004c6c       0x10 build/crsf.o
                0x08004c6c                HAL_UART_RxCpltCallback
 .text.MX_I2C1_Init
                0x08004c7c       0x3c build/iic.o
                0x08004c7c                MX_I2C1_Init
 .text.HAL_I2C_MspInit
                0x08004cb8      0x108 build/iic.o
                0x08004cb8                HAL_I2C_MspInit
 .text.HAL_I2C_MspDeInit
                0x08004dc0       0x50 build/iic.o
                0x08004dc0                HAL_I2C_MspDeInit
 .text.cycleCounterInit
                0x08004e10       0x24 build/system.o
                0x08004e10                cycleCounterInit
 .text.uart_init
                0x08004e34       0x30 build/uart.o
                0x08004e34                uart_init
 .text.HAL_UART_MspInit
                0x08004e64       0xf4 build/uart.o
                0x08004e64                HAL_UART_MspInit
 .text.crc8_calc
                0x08004f58       0x20 build/crc.o
                0x08004f58                crc8_calc
 .text.HAL_InitTick
                0x08004f78       0x94 build/stm32f4xx_hal_timebase_tim.o
                0x08004f78                HAL_InitTick
 .text.vApplicationGetIdleTaskMemory
                0x0800500c       0x18 build/freertos.o
                0x0800500c                vApplicationGetIdleTaskMemory
 .text.TIM_OC1_SetConfig
                0x08005024       0x54 build/stm32f4xx_hal_tim.o
 .text.TIM_OC3_SetConfig
                0x08005078       0x5c build/stm32f4xx_hal_tim.o
 .text.TIM_OC4_SetConfig
                0x080050d4       0x48 build/stm32f4xx_hal_tim.o
 .text.HAL_TIM_Base_MspInit
                0x0800511c        0x2 build/stm32f4xx_hal_tim.o
                0x0800511c                HAL_TIM_Base_MspInit
 *fill*         0x0800511e        0x2 
 .text.HAL_TIM_Base_Start_IT
                0x08005120       0x78 build/stm32f4xx_hal_tim.o
                0x08005120                HAL_TIM_Base_Start_IT
 .text.HAL_TIM_OC_DelayElapsedCallback
                0x08005198        0x2 build/stm32f4xx_hal_tim.o
                0x08005198                HAL_TIM_OC_DelayElapsedCallback
 .text.HAL_TIM_IC_CaptureCallback
                0x0800519a        0x2 build/stm32f4xx_hal_tim.o
                0x0800519a                HAL_TIM_IC_CaptureCallback
 .text.HAL_TIM_PWM_PulseFinishedCallback
                0x0800519c        0x2 build/stm32f4xx_hal_tim.o
                0x0800519c                HAL_TIM_PWM_PulseFinishedCallback
 .text.HAL_TIM_TriggerCallback
                0x0800519e        0x2 build/stm32f4xx_hal_tim.o
                0x0800519e                HAL_TIM_TriggerCallback
 .text.HAL_TIM_IRQHandler
                0x080051a0      0x17a build/stm32f4xx_hal_tim.o
                0x080051a0                HAL_TIM_IRQHandler
 *fill*         0x0800531a        0x2 
 .text.TIM_Base_SetConfig
                0x0800531c       0x9c build/stm32f4xx_hal_tim.o
                0x0800531c                TIM_Base_SetConfig
 .text.HAL_TIM_Base_Init
                0x080053b8       0x58 build/stm32f4xx_hal_tim.o
                0x080053b8                HAL_TIM_Base_Init
 .text.HAL_TIM_PWM_Init
                0x08005410       0x58 build/stm32f4xx_hal_tim.o
                0x08005410                HAL_TIM_PWM_Init
 .text.TIM_OC2_SetConfig
                0x08005468       0x5c build/stm32f4xx_hal_tim.o
                0x08005468                TIM_OC2_SetConfig
 .text.HAL_TIM_PWM_ConfigChannel
                0x080054c4       0xdc build/stm32f4xx_hal_tim.o
                0x080054c4                HAL_TIM_PWM_ConfigChannel
 .text.TIM_CCxChannelCmd
                0x080055a0       0x1e build/stm32f4xx_hal_tim.o
                0x080055a0                TIM_CCxChannelCmd
 *fill*         0x080055be        0x2 
 .text.HAL_TIM_PWM_Start
                0x080055c0       0xf0 build/stm32f4xx_hal_tim.o
                0x080055c0                HAL_TIM_PWM_Start
 .text.HAL_TIMEx_MasterConfigSynchronization
                0x080056b0       0x7c build/stm32f4xx_hal_tim_ex.o
                0x080056b0                HAL_TIMEx_MasterConfigSynchronization
 .text.HAL_TIMEx_CommutCallback
                0x0800572c        0x2 build/stm32f4xx_hal_tim_ex.o
                0x0800572c                HAL_TIMEx_CommutCallback
 .text.HAL_TIMEx_BreakCallback
                0x0800572e        0x2 build/stm32f4xx_hal_tim_ex.o
                0x0800572e                HAL_TIMEx_BreakCallback
 .text.HAL_RCC_OscConfig
                0x08005730      0x3f8 build/stm32f4xx_hal_rcc.o
                0x08005730                HAL_RCC_OscConfig
 .text.HAL_RCC_EnableCSS
                0x08005b28        0xc build/stm32f4xx_hal_rcc.o
                0x08005b28                HAL_RCC_EnableCSS
 .text.HAL_RCC_GetSysClockFreq
                0x08005b34       0xa8 build/stm32f4xx_hal_rcc.o
                0x08005b34                HAL_RCC_GetSysClockFreq
 .text.HAL_RCC_ClockConfig
                0x08005bdc      0x160 build/stm32f4xx_hal_rcc.o
                0x08005bdc                HAL_RCC_ClockConfig
 .text.HAL_RCC_GetHCLKFreq
                0x08005d3c        0xc build/stm32f4xx_hal_rcc.o
                0x08005d3c                HAL_RCC_GetHCLKFreq
 .text.HAL_RCC_GetPCLK1Freq
                0x08005d48       0x20 build/stm32f4xx_hal_rcc.o
                0x08005d48                HAL_RCC_GetPCLK1Freq
 .text.HAL_RCC_GetPCLK2Freq
                0x08005d68       0x20 build/stm32f4xx_hal_rcc.o
                0x08005d68                HAL_RCC_GetPCLK2Freq
 .text.HAL_RCC_GetClockConfig
                0x08005d88       0x3c build/stm32f4xx_hal_rcc.o
                0x08005d88                HAL_RCC_GetClockConfig
 .text.HAL_GPIO_Init
                0x08005dc4      0x1c8 build/stm32f4xx_hal_gpio.o
                0x08005dc4                HAL_GPIO_Init
 .text.HAL_GPIO_DeInit
                0x08005f8c      0x110 build/stm32f4xx_hal_gpio.o
                0x08005f8c                HAL_GPIO_DeInit
 .text.DMA_SetConfig
                0x0800609c       0x2c build/stm32f4xx_hal_dma.o
 .text.DMA_CalcBaseAndBitshift
                0x080060c8       0x44 build/stm32f4xx_hal_dma.o
 .text.DMA_CheckFifoParam
                0x0800610c       0x8e build/stm32f4xx_hal_dma.o
 *fill*         0x0800619a        0x2 
 .text.HAL_DMA_Init
                0x0800619c       0xcc build/stm32f4xx_hal_dma.o
                0x0800619c                HAL_DMA_Init
 .text.HAL_DMA_DeInit
                0x08006268       0x64 build/stm32f4xx_hal_dma.o
                0x08006268                HAL_DMA_DeInit
 .text.HAL_DMA_Start_IT
                0x080062cc       0x6a build/stm32f4xx_hal_dma.o
                0x080062cc                HAL_DMA_Start_IT
 .text.HAL_DMA_Abort
                0x08006336       0x94 build/stm32f4xx_hal_dma.o
                0x08006336                HAL_DMA_Abort
 .text.HAL_DMA_Abort_IT
                0x080063ca       0x26 build/stm32f4xx_hal_dma.o
                0x080063ca                HAL_DMA_Abort_IT
 .text.HAL_DMA_IRQHandler
                0x080063f0      0x1dc build/stm32f4xx_hal_dma.o
                0x080063f0                HAL_DMA_IRQHandler
 .text.HAL_DMA_GetState
                0x080065cc        0x6 build/stm32f4xx_hal_dma.o
                0x080065cc                HAL_DMA_GetState
 .text.HAL_DMA_GetError
                0x080065d2        0x4 build/stm32f4xx_hal_dma.o
                0x080065d2                HAL_DMA_GetError
 *fill*         0x080065d6        0x2 
 .text.__NVIC_DisableIRQ
                0x080065d8       0x24 build/stm32f4xx_hal_cortex.o
 .text.__NVIC_SetPriority
                0x080065fc       0x28 build/stm32f4xx_hal_cortex.o
 .text.NVIC_EncodePriority
                0x08006624       0x3e build/stm32f4xx_hal_cortex.o
 *fill*         0x08006662        0x2 
 .text.HAL_NVIC_SetPriorityGrouping
                0x08006664       0x24 build/stm32f4xx_hal_cortex.o
                0x08006664                HAL_NVIC_SetPriorityGrouping
 .text.HAL_NVIC_SetPriority
                0x08006688       0x20 build/stm32f4xx_hal_cortex.o
                0x08006688                HAL_NVIC_SetPriority
 .text.HAL_NVIC_EnableIRQ
                0x080066a8       0x1c build/stm32f4xx_hal_cortex.o
                0x080066a8                HAL_NVIC_EnableIRQ
 .text.HAL_NVIC_DisableIRQ
                0x080066c4        0x8 build/stm32f4xx_hal_cortex.o
                0x080066c4                HAL_NVIC_DisableIRQ
 .text.HAL_MspInit
                0x080066cc        0x2 build/stm32f4xx_hal.o
                0x080066cc                HAL_MspInit
 *fill*         0x080066ce        0x2 
 .text.HAL_Init
                0x080066d0       0x34 build/stm32f4xx_hal.o
                0x080066d0                HAL_Init
 .text.HAL_IncTick
                0x08006704       0x18 build/stm32f4xx_hal.o
                0x08006704                HAL_IncTick
 .text.HAL_GetTick
                0x0800671c        0xc build/stm32f4xx_hal.o
                0x0800671c                HAL_GetTick
 .text.HAL_Delay
                0x08006728       0x28 build/stm32f4xx_hal.o
                0x08006728                HAL_Delay
 .text.UART_EndTxTransfer
                0x08006750       0x20 build/stm32f4xx_hal_uart.o
 .text.UART_EndRxTransfer
                0x08006770       0x5c build/stm32f4xx_hal_uart.o
 .text.UART_Transmit_IT
                0x080067cc       0x60 build/stm32f4xx_hal_uart.o
 .text.UART_SetConfig
                0x0800682c      0x110 build/stm32f4xx_hal_uart.o
 .text.UART_WaitOnFlagUntilTimeout
                0x0800693c       0x84 build/stm32f4xx_hal_uart.o
 .text.HAL_UART_Init
                0x080069c0       0x5e build/stm32f4xx_hal_uart.o
                0x080069c0                HAL_UART_Init
 .text.HAL_UART_Transmit
                0x08006a1e       0xd8 build/stm32f4xx_hal_uart.o
                0x08006a1e                HAL_UART_Transmit
 .text.HAL_UART_TxCpltCallback
                0x08006af6        0x2 build/stm32f4xx_hal_uart.o
                0x08006af6                HAL_UART_TxCpltCallback
 .text.UART_EndTransmit_IT
                0x08006af8       0x1a build/stm32f4xx_hal_uart.o
 .text.HAL_UART_RxHalfCpltCallback
                0x08006b12        0x2 build/stm32f4xx_hal_uart.o
                0x08006b12                HAL_UART_RxHalfCpltCallback
 .text.HAL_UART_ErrorCallback
                0x08006b14        0x2 build/stm32f4xx_hal_uart.o
                0x08006b14                HAL_UART_ErrorCallback
 .text.UART_DMAError
                0x08006b16       0x58 build/stm32f4xx_hal_uart.o
 .text.UART_DMAAbortOnError
                0x08006b6e       0x10 build/stm32f4xx_hal_uart.o
 .text.HAL_UARTEx_RxEventCallback
                0x08006b7e        0x2 build/stm32f4xx_hal_uart.o
                0x08006b7e                HAL_UARTEx_RxEventCallback
 .text.UART_Receive_IT
                0x08006b80       0xe2 build/stm32f4xx_hal_uart.o
 *fill*         0x08006c62        0x2 
 .text.HAL_UART_IRQHandler
                0x08006c64      0x27c build/stm32f4xx_hal_uart.o
                0x08006c64                HAL_UART_IRQHandler
 .text.UART_DMARxHalfCplt
                0x08006ee0       0x1a build/stm32f4xx_hal_uart.o
 .text.UART_DMAReceiveCplt
                0x08006efa       0x96 build/stm32f4xx_hal_uart.o
 .text.UART_Start_Receive_DMA
                0x08006f90       0xa8 build/stm32f4xx_hal_uart.o
                0x08006f90                UART_Start_Receive_DMA
 .text.HAL_UART_Receive_DMA
                0x08007038       0x38 build/stm32f4xx_hal_uart.o
                0x08007038                HAL_UART_Receive_DMA
 .text.I2C_Master_SB
                0x08007070       0xa8 build/stm32f4xx_hal_i2c.o
 .text.I2C_Master_ADD10
                0x08007118       0x2a build/stm32f4xx_hal_i2c.o
 *fill*         0x08007142        0x2 
 .text.I2C_Master_ADDR
                0x08007144      0x234 build/stm32f4xx_hal_i2c.o
 .text.I2C_SlaveTransmit_BTF
                0x08007378       0x20 build/stm32f4xx_hal_i2c.o
 .text.I2C_SlaveReceive_BTF
                0x08007398       0x20 build/stm32f4xx_hal_i2c.o
 .text.I2C_WaitOnSTOPRequestThroughIT
                0x080073b8       0x48 build/stm32f4xx_hal_i2c.o
 .text.I2C_IsAcknowledgeFailed
                0x08007400       0x32 build/stm32f4xx_hal_i2c.o
 .text.I2C_ConvertOtherXferOptions
                0x08007432       0x1e build/stm32f4xx_hal_i2c.o
 .text.I2C_WaitOnFlagUntilTimeout
                0x08007450       0x7c build/stm32f4xx_hal_i2c.o
 .text.I2C_WaitOnMasterAddressFlagUntilTimeout
                0x080074cc       0xaa build/stm32f4xx_hal_i2c.o
 .text.I2C_WaitOnTXEFlagUntilTimeout
                0x08007576       0x54 build/stm32f4xx_hal_i2c.o
 *fill*         0x080075ca        0x2 
 .text.I2C_RequestMemoryWrite
                0x080075cc       0xd8 build/stm32f4xx_hal_i2c.o
 .text.I2C_RequestMemoryRead
                0x080076a4      0x154 build/stm32f4xx_hal_i2c.o
 .text.HAL_I2C_Init
                0x080077f8      0x1bc build/stm32f4xx_hal_i2c.o
                0x080077f8                HAL_I2C_Init
 .text.HAL_I2C_DeInit
                0x080079b4       0x32 build/stm32f4xx_hal_i2c.o
                0x080079b4                HAL_I2C_DeInit
 *fill*         0x080079e6        0x2 
 .text.HAL_I2C_Mem_Write_DMA
                0x080079e8      0x1d8 build/stm32f4xx_hal_i2c.o
                0x080079e8                HAL_I2C_Mem_Write_DMA
 .text.HAL_I2C_Mem_Read_DMA
                0x08007bc0      0x21c build/stm32f4xx_hal_i2c.o
                0x08007bc0                HAL_I2C_Mem_Read_DMA
 .text.HAL_I2C_IsDeviceReady
                0x08007ddc      0x194 build/stm32f4xx_hal_i2c.o
                0x08007ddc                HAL_I2C_IsDeviceReady
 .text.HAL_I2C_MasterTxCpltCallback
                0x08007f70        0x2 build/stm32f4xx_hal_i2c.o
                0x08007f70                HAL_I2C_MasterTxCpltCallback
 .text.HAL_I2C_MasterRxCpltCallback
                0x08007f72        0x2 build/stm32f4xx_hal_i2c.o
                0x08007f72                HAL_I2C_MasterRxCpltCallback
 .text.HAL_I2C_SlaveTxCpltCallback
                0x08007f74        0x2 build/stm32f4xx_hal_i2c.o
                0x08007f74                HAL_I2C_SlaveTxCpltCallback
 .text.I2C_SlaveTransmit_TXE
                0x08007f76       0x4c build/stm32f4xx_hal_i2c.o
 .text.HAL_I2C_SlaveRxCpltCallback
                0x08007fc2        0x2 build/stm32f4xx_hal_i2c.o
                0x08007fc2                HAL_I2C_SlaveRxCpltCallback
 .text.I2C_SlaveReceive_RXNE
                0x08007fc4       0x4c build/stm32f4xx_hal_i2c.o
 .text.HAL_I2C_AddrCallback
                0x08008010        0x2 build/stm32f4xx_hal_i2c.o
                0x08008010                HAL_I2C_AddrCallback
 .text.I2C_Slave_ADDR
                0x08008012       0x5a build/stm32f4xx_hal_i2c.o
 .text.HAL_I2C_ListenCpltCallback
                0x0800806c        0x2 build/stm32f4xx_hal_i2c.o
                0x0800806c                HAL_I2C_ListenCpltCallback
 *fill*         0x0800806e        0x2 
 .text.I2C_Slave_AF
                0x08008070       0x94 build/stm32f4xx_hal_i2c.o
 .text.HAL_I2C_MemTxCpltCallback
                0x08008104        0x2 build/stm32f4xx_hal_i2c.o
                0x08008104                HAL_I2C_MemTxCpltCallback
 .text.I2C_MasterTransmit_BTF
                0x08008106       0x9e build/stm32f4xx_hal_i2c.o
 .text.I2C_MemoryTransmit_TXE_BTF
                0x080081a4       0xbe build/stm32f4xx_hal_i2c.o
 .text.I2C_MasterTransmit_TXE
                0x08008262       0xd4 build/stm32f4xx_hal_i2c.o
 .text.HAL_I2C_MemRxCpltCallback
                0x08008336        0x2 build/stm32f4xx_hal_i2c.o
                0x08008336                HAL_I2C_MemRxCpltCallback
 .text.I2C_MasterReceive_BTF
                0x08008338      0x132 build/stm32f4xx_hal_i2c.o
 .text.HAL_I2C_ErrorCallback
                0x0800846a        0x2 build/stm32f4xx_hal_i2c.o
                0x0800846a                HAL_I2C_ErrorCallback
 .text.I2C_DMAError
                0x0800846c       0x46 build/stm32f4xx_hal_i2c.o
 .text.I2C_DMAXferCplt
                0x080084b2      0x122 build/stm32f4xx_hal_i2c.o
 .text.I2C_MasterReceive_RXNE
                0x080085d4       0xf6 build/stm32f4xx_hal_i2c.o
 .text.HAL_I2C_AbortCpltCallback
                0x080086ca        0x2 build/stm32f4xx_hal_i2c.o
                0x080086ca                HAL_I2C_AbortCpltCallback
 .text.I2C_DMAAbort
                0x080086cc       0xe4 build/stm32f4xx_hal_i2c.o
 .text.I2C_ITError
                0x080087b0      0x178 build/stm32f4xx_hal_i2c.o
 .text.I2C_Slave_STOPF
                0x08008928      0x18c build/stm32f4xx_hal_i2c.o
 .text.HAL_I2C_EV_IRQHandler
                0x08008ab4      0x1a0 build/stm32f4xx_hal_i2c.o
                0x08008ab4                HAL_I2C_EV_IRQHandler
 .text.HAL_I2C_ER_IRQHandler
                0x08008c54       0xbc build/stm32f4xx_hal_i2c.o
                0x08008c54                HAL_I2C_ER_IRQHandler
 .text.HAL_I2C_GetState
                0x08008d10        0x6 build/stm32f4xx_hal_i2c.o
                0x08008d10                HAL_I2C_GetState
 *fill*         0x08008d16        0x2 
 .text.SystemInit
                0x08008d18       0x14 build/system_stm32f4xx.o
                0x08008d18                SystemInit
 .text.get_accel_prod_shift
                0x08008d2c       0xc8 build/inv_mpu.o
 .text.accel_self_test
                0x08008df4       0xac build/inv_mpu.o
 .text.gyro_self_test
                0x08008ea0      0x104 build/inv_mpu.o
 .text.set_int_enable
                0x08008fa4       0x98 build/inv_mpu.o
 .text.get_st_biases
                0x0800903c      0x428 build/inv_mpu.o
 .text.mpu_get_gyro_reg
                0x08009464       0x70 build/inv_mpu.o
                0x08009464                mpu_get_gyro_reg
 .text.mpu_reset_fifo
                0x080094d4      0x1f8 build/inv_mpu.o
                0x080094d4                mpu_reset_fifo
 .text.mpu_get_gyro_fsr
                0x080096cc       0x3c build/inv_mpu.o
                0x080096cc                mpu_get_gyro_fsr
 .text.mpu_set_gyro_fsr
                0x08009708       0x98 build/inv_mpu.o
                0x08009708                mpu_set_gyro_fsr
 .text.mpu_get_accel_fsr
                0x080097a0       0x44 build/inv_mpu.o
                0x080097a0                mpu_get_accel_fsr
 .text.mpu_set_accel_fsr
                0x080097e4       0x94 build/inv_mpu.o
                0x080097e4                mpu_set_accel_fsr
 .text.mpu_get_lpf
                0x08009878       0x44 build/inv_mpu.o
                0x08009878                mpu_get_lpf
 .text.mpu_set_lpf
                0x080098bc       0x94 build/inv_mpu.o
                0x080098bc                mpu_set_lpf
 .text.mpu_get_sample_rate
                0x08009950       0x1c build/inv_mpu.o
                0x08009950                mpu_get_sample_rate
 .text.mpu_get_gyro_sens
                0x0800996c       0x4c build/inv_mpu.o
                0x0800996c                mpu_get_gyro_sens
 .text.mpu_get_accel_sens
                0x080099b8       0x4c build/inv_mpu.o
                0x080099b8                mpu_get_accel_sens
 .text.mpu_get_fifo_config
                0x08009a04       0x10 build/inv_mpu.o
                0x08009a04                mpu_get_fifo_config
 .text.mpu_configure_fifo
                0x08009a14       0x64 build/inv_mpu.o
                0x08009a14                mpu_configure_fifo
 .text.mpu_read_fifo_stream
                0x08009a78       0xc0 build/inv_mpu.o
                0x08009a78                mpu_read_fifo_stream
 .text.mpu_set_bypass
                0x08009b38      0x168 build/inv_mpu.o
                0x08009b38                mpu_set_bypass
 .text.mpu_set_int_latched
                0x08009ca0       0x74 build/inv_mpu.o
                0x08009ca0                mpu_set_int_latched
 .text.mpu_lp_accel_mode
                0x08009d14       0xdc build/inv_mpu.o
                0x08009d14                mpu_lp_accel_mode
 .text.mpu_set_sample_rate
                0x08009df0       0xa0 build/inv_mpu.o
                0x08009df0                mpu_set_sample_rate
 .text.mpu_set_sensors
                0x08009e90       0xe8 build/inv_mpu.o
                0x08009e90                mpu_set_sensors
 .text.mpu_init
                0x08009f78       0xf0 build/inv_mpu.o
                0x08009f78                mpu_init
 .text.mpu_write_mem
                0x0800a068       0x74 build/inv_mpu.o
                0x0800a068                mpu_write_mem
 .text.mpu_read_mem
                0x0800a0dc       0x74 build/inv_mpu.o
                0x0800a0dc                mpu_read_mem
 .text.mpu_load_firmware
                0x0800a150       0xb4 build/inv_mpu.o
                0x0800a150                mpu_load_firmware
 .text.mpu_set_dmp_state
                0x0800a204       0x94 build/inv_mpu.o
                0x0800a204                mpu_set_dmp_state
 .text.mpu_run_self_test
                0x0800a298      0x108 build/inv_mpu.o
                0x0800a298                mpu_run_self_test
 .text.atk_ms6050_run_self_test
                0x0800a3a0       0x94 build/inv_mpu.o
                0x0800a3a0                atk_ms6050_run_self_test
 .text.decode_gesture
                0x0800a434       0x3c build/inv_mpu_dmp_motion_driver.o
 .text.dmp_load_motion_driver_firmware
                0x0800a470       0x18 build/inv_mpu_dmp_motion_driver.o
                0x0800a470                dmp_load_motion_driver_firmware
 .text.dmp_set_orientation
                0x0800a488      0x14c build/inv_mpu_dmp_motion_driver.o
                0x0800a488                dmp_set_orientation
 .text.dmp_set_gyro_bias
                0x0800a5d4      0x110 build/inv_mpu_dmp_motion_driver.o
                0x0800a5d4                dmp_set_gyro_bias
 .text.dmp_set_accel_bias
                0x0800a6e4       0xf8 build/inv_mpu_dmp_motion_driver.o
                0x0800a6e4                dmp_set_accel_bias
 .text.dmp_set_fifo_rate
                0x0800a7dc       0x68 build/inv_mpu_dmp_motion_driver.o
                0x0800a7dc                dmp_set_fifo_rate
 .text.dmp_set_tap_thresh
                0x0800a844      0x1d4 build/inv_mpu_dmp_motion_driver.o
                0x0800a844                dmp_set_tap_thresh
 .text.dmp_set_tap_axes
                0x0800aa18       0x4e build/inv_mpu_dmp_motion_driver.o
                0x0800aa18                dmp_set_tap_axes
 .text.dmp_set_tap_count
                0x0800aa66       0x2c build/inv_mpu_dmp_motion_driver.o
                0x0800aa66                dmp_set_tap_count
 *fill*         0x0800aa92        0x2 
 .text.dmp_set_tap_time
                0x0800aa94       0x30 build/inv_mpu_dmp_motion_driver.o
                0x0800aa94                dmp_set_tap_time
 .text.dmp_set_tap_time_multi
                0x0800aac4       0x30 build/inv_mpu_dmp_motion_driver.o
                0x0800aac4                dmp_set_tap_time_multi
 .text.dmp_set_shake_reject_thresh
                0x0800aaf4       0x44 build/inv_mpu_dmp_motion_driver.o
                0x0800aaf4                dmp_set_shake_reject_thresh
 .text.dmp_set_shake_reject_time
                0x0800ab38       0x2c build/inv_mpu_dmp_motion_driver.o
                0x0800ab38                dmp_set_shake_reject_time
 .text.dmp_set_shake_reject_timeout
                0x0800ab64       0x2c build/inv_mpu_dmp_motion_driver.o
                0x0800ab64                dmp_set_shake_reject_timeout
 .text.dmp_enable_gyro_cal
                0x0800ab90       0x44 build/inv_mpu_dmp_motion_driver.o
                0x0800ab90                dmp_enable_gyro_cal
 .text.dmp_enable_lp_quat
                0x0800abd4       0x3c build/inv_mpu_dmp_motion_driver.o
                0x0800abd4                dmp_enable_lp_quat
 .text.dmp_enable_6x_lp_quat
                0x0800ac10       0x3c build/inv_mpu_dmp_motion_driver.o
                0x0800ac10                dmp_enable_6x_lp_quat
 .text.dmp_enable_feature
                0x0800ac4c      0x218 build/inv_mpu_dmp_motion_driver.o
                0x0800ac4c                dmp_enable_feature
 .text.dmp_read_fifo
                0x0800ae64      0x1ec build/inv_mpu_dmp_motion_driver.o
                0x0800ae64                dmp_read_fifo
 .text.inv_start_eMPL_outputs
                0x0800b050       0x14 build/eMPL_outputs.o
 .text.inv_generate_eMPL_outputs
                0x0800b064       0xbc build/eMPL_outputs.o
 .text.inv_init_eMPL_outputs
                0x0800b120       0x14 build/eMPL_outputs.o
 .text.inv_enable_eMPL_outputs
                0x0800b134       0x18 build/eMPL_outputs.o
                0x0800b134                inv_enable_eMPL_outputs
 .text.inv_set_contiguous
                0x0800b14c       0xa4 build/data_builder.o
 .text.inv_db_save_func
                0x0800b1f0       0x14 build/data_builder.o
 .text.inv_db_load_func
                0x0800b204       0x38 build/data_builder.o
 .text.set_sensor_orientation_and_scale
                0x0800b23c        0x6 build/data_builder.o
                0x0800b23c                set_sensor_orientation_and_scale
 *fill*         0x0800b242        0x2 
 .text.inv_set_gyro_orientation_and_scale
                0x0800b244       0x14 build/data_builder.o
                0x0800b244                inv_set_gyro_orientation_and_scale
 .text.inv_set_gyro_sample_rate
                0x0800b258       0x30 build/data_builder.o
                0x0800b258                inv_set_gyro_sample_rate
 .text.inv_set_accel_sample_rate
                0x0800b288       0x34 build/data_builder.o
                0x0800b288                inv_set_accel_sample_rate
 .text.inv_get_compass_on
                0x0800b2bc       0x10 build/data_builder.o
                0x0800b2bc                inv_get_compass_on
 .text.inv_get_gyro_on
                0x0800b2cc       0x10 build/data_builder.o
                0x0800b2cc                inv_get_gyro_on
 .text.inv_get_accel_on
                0x0800b2dc       0x10 build/data_builder.o
                0x0800b2dc                inv_get_accel_on
 .text.inv_get_last_timestamp
                0x0800b2ec       0x5c build/data_builder.o
                0x0800b2ec                inv_get_last_timestamp
 .text.inv_set_accel_orientation_and_scale
                0x0800b348       0x14 build/data_builder.o
                0x0800b348                inv_set_accel_orientation_and_scale
 .text.inv_apply_calibration
                0x0800b35c       0x6a build/data_builder.o
                0x0800b35c                inv_apply_calibration
 *fill*         0x0800b3c6        0x2 
 .text.inv_set_compass_disturbance
                0x0800b3c8        0xc build/data_builder.o
                0x0800b3c8                inv_set_compass_disturbance
 .text.inv_set_gyro_bias
                0x0800b3d4       0x6c build/data_builder.o
                0x0800b3d4                inv_set_gyro_bias
 .text.inv_get_gyro_bias_tc_set
                0x0800b440       0x1c build/data_builder.o
                0x0800b440                inv_get_gyro_bias_tc_set
 .text.inv_get_gyro_bias
                0x0800b45c       0x40 build/data_builder.o
                0x0800b45c                inv_get_gyro_bias
 .text.inv_build_accel
                0x0800b49c       0x7c build/data_builder.o
                0x0800b49c                inv_build_accel
 .text.inv_build_gyro
                0x0800b518       0x30 build/data_builder.o
                0x0800b518                inv_build_gyro
 .text.inv_build_quat
                0x0800b548       0x34 build/data_builder.o
                0x0800b548                inv_build_quat
 .text.inv_register_data_cb
                0x0800b57c       0xb4 build/data_builder.o
                0x0800b57c                inv_register_data_cb
 .text.inv_unregister_data_cb
                0x0800b630       0x60 build/data_builder.o
                0x0800b630                inv_unregister_data_cb
 .text.inv_execute_on_data
                0x0800b690       0x94 build/data_builder.o
                0x0800b690                inv_execute_on_data
 .text.inv_get_accel_set
                0x0800b724       0x38 build/data_builder.o
                0x0800b724                inv_get_accel_set
 .text.inv_get_gyro
                0x0800b75c       0x18 build/data_builder.o
                0x0800b75c                inv_get_gyro
 .text.inv_get_gyro_accuracy
                0x0800b774        0xc build/data_builder.o
                0x0800b774                inv_get_gyro_accuracy
 .text.inv_get_mag_accuracy
                0x0800b780       0x1c build/data_builder.o
                0x0800b780                inv_get_mag_accuracy
 .text.inv_get_accel_accuracy
                0x0800b79c        0xc build/data_builder.o
                0x0800b79c                inv_get_accel_accuracy
 .text.inv_disable_compass_soft_iron_matrix
                0x0800b7a8       0x10 build/data_builder.o
                0x0800b7a8                inv_disable_compass_soft_iron_matrix
 .text.inv_reset_compass_soft_iron_matrix
                0x0800b7b8       0x5c build/data_builder.o
                0x0800b7b8                inv_reset_compass_soft_iron_matrix
 .text.inv_init_data_builder
                0x0800b814       0x40 build/data_builder.o
                0x0800b814                inv_init_data_builder
 .text.inv_set_message
                0x0800b854       0x18 build/message_layer.o
                0x0800b854                inv_set_message
 .text.inv_row_2_scale
                0x0800b86c       0x3a build/ml_math_func.o
 .text.inv_get_gyro_sum_of_sqr
                0x0800b8a6       0x1a build/ml_math_func.o
                0x0800b8a6                inv_get_gyro_sum_of_sqr
 .text.inv_q29_mult
                0x0800b8c0       0x1a build/ml_math_func.o
                0x0800b8c0                inv_q29_mult
 .text.inv_q30_mult
                0x0800b8da       0x1a build/ml_math_func.o
                0x0800b8da                inv_q30_mult
 .text.inv_q_mult
                0x0800b8f4       0xb2 build/ml_math_func.o
                0x0800b8f4                inv_q_mult
 .text.inv_q_add
                0x0800b9a6       0x28 build/ml_math_func.o
                0x0800b9a6                inv_q_add
 .text.inv_q_invert
                0x0800b9ce       0x18 build/ml_math_func.o
                0x0800b9ce                inv_q_invert
 *fill*         0x0800b9e6        0x2 
 .text.inv_compass_angle
                0x0800b9e8       0xc4 build/ml_math_func.o
                0x0800b9e8                inv_compass_angle
 .text.inv_q_rotate
                0x0800baac       0x44 build/ml_math_func.o
                0x0800baac                inv_q_rotate
 .text.inv_q_multf
                0x0800baf0      0x102 build/ml_math_func.o
                0x0800baf0                inv_q_multf
 .text.inv_q_addf
                0x0800bbf2       0x42 build/ml_math_func.o
                0x0800bbf2                inv_q_addf
 .text.inv_q_normalizef
                0x0800bc34       0xb8 build/ml_math_func.o
                0x0800bc34                inv_q_normalizef
 .text.inv_q_norm4
                0x0800bcec       0x78 build/ml_math_func.o
                0x0800bcec                inv_q_norm4
 .text.inv_q_invertf
                0x0800bd64       0x2a build/ml_math_func.o
                0x0800bd64                inv_q_invertf
 .text.inv_quaternion_to_rotation
                0x0800bd8e       0xda build/ml_math_func.o
                0x0800bd8e                inv_quaternion_to_rotation
 .text.inv_orientation_matrix_to_scalar
                0x0800be68       0x24 build/ml_math_func.o
                0x0800be68                inv_orientation_matrix_to_scalar
 .text.inv_convert_to_body_with_scale
                0x0800be8c       0x72 build/ml_math_func.o
                0x0800be8c                inv_convert_to_body_with_scale
 .text.inv_init_mpl
                0x0800befe       0x38 build/mpl.o
                0x0800befe                inv_init_mpl
 .text.inv_start_mpl
                0x0800bf36       0x14 build/mpl.o
                0x0800bf36                inv_start_mpl
 *fill*         0x0800bf4a        0x2 
 .text.inv_generate_results
                0x0800bf4c       0x10 build/results_holder.o
                0x0800bf4c                inv_generate_results
 .text.inv_start_results_holder
                0x0800bf5c       0x18 build/results_holder.o
                0x0800bf5c                inv_start_results_holder
 .text.inv_store_gaming_quaternion
                0x0800bf74       0x2c build/results_holder.o
                0x0800bf74                inv_store_gaming_quaternion
 .text.inv_set_compass_correction
                0x0800bfa0       0x2c build/results_holder.o
                0x0800bfa0                inv_set_compass_correction
 .text.inv_get_compass_correction
                0x0800bfcc       0x2c build/results_holder.o
                0x0800bfcc                inv_get_compass_correction
 .text.inv_get_acc_state
                0x0800bff8        0xc build/results_holder.o
                0x0800bff8                inv_get_acc_state
 .text.inv_get_motion_state
                0x0800c004       0x10 build/results_holder.o
                0x0800c004                inv_get_motion_state
 .text.inv_set_motion_state
                0x0800c014       0x40 build/results_holder.o
                0x0800c014                inv_set_motion_state
 .text.inv_get_local_field
                0x0800c054       0x18 build/results_holder.o
                0x0800c054                inv_get_local_field
 .text.inv_get_gravity
                0x0800c06c       0x54 build/results_holder.o
                0x0800c06c                inv_get_gravity
 .text.inv_get_6axis_quaternion
                0x0800c0c0       0x24 build/results_holder.o
                0x0800c0c0                inv_get_6axis_quaternion
 .text.inv_get_quaternion
                0x0800c0e4       0x3c build/results_holder.o
                0x0800c0e4                inv_get_quaternion
 .text.inv_get_quaternion_set
                0x0800c120       0x40 build/results_holder.o
                0x0800c120                inv_get_quaternion_set
 .text.inv_init_results_holder
                0x0800c160       0x30 build/results_holder.o
                0x0800c160                inv_init_results_holder
 .text.inv_enable_results_holder
                0x0800c190       0x18 build/results_holder.o
                0x0800c190                inv_enable_results_holder
 .text.inv_got_compass_bias
                0x0800c1a8        0xc build/results_holder.o
                0x0800c1a8                inv_got_compass_bias
 .text.inv_set_compass_bias_found
                0x0800c1b4        0xc build/results_holder.o
                0x0800c1b4                inv_set_compass_bias_found
 .text.inv_get_linear_accel
                0x0800c1c0       0x3e build/results_holder.o
                0x0800c1c0                inv_get_linear_accel
 *fill*         0x0800c1fe        0x2 
 .text.inv_init_start_manager
                0x0800c200       0x14 build/start_manager.o
                0x0800c200                inv_init_start_manager
 .text.inv_unregister_mpl_start_notification
                0x0800c214       0x58 build/start_manager.o
                0x0800c214                inv_unregister_mpl_start_notification
 .text.inv_register_mpl_start_notification
                0x0800c26c       0x20 build/start_manager.o
                0x0800c26c                inv_register_mpl_start_notification
 .text.inv_execute_mpl_start_notification
                0x0800c28c       0x30 build/start_manager.o
                0x0800c28c                inv_execute_mpl_start_notification
 .text.inv_init_storage_manager
                0x0800c2bc       0x1c build/storage_manager.o
                0x0800c2bc                inv_init_storage_manager
 .text.inv_register_load_store
                0x0800c2d8       0x68 build/storage_manager.o
                0x0800c2d8                inv_register_load_store
 .text.I2Cx_Error
                0x0800c340       0x14 build/STM32F4_porting.o
 .text.Sensors_I2C_ReadRegister
                0x0800c354       0x54 build/STM32F4_porting.o
                0x0800c354                Sensors_I2C_ReadRegister
 .text.Sensors_I2C_WriteRegister
                0x0800c3a8       0x54 build/STM32F4_porting.o
                0x0800c3a8                Sensors_I2C_WriteRegister
 .text.get_ms_user
                0x0800c3fc       0x14 build/STM32F4_porting.o
                0x0800c3fc                get_ms_user
 .text.pidInit  0x0800c410       0x1e build/pidControl.o
                0x0800c410                pidInit
 .text.pidUpdate
                0x0800c42e       0xbc build/pidControl.o
                0x0800c42e                pidUpdate
 *fill*         0x0800c4ea        0x2 
 .text.attitudeAnglePID
                0x0800c4ec       0x64 build/pidControl.o
                0x0800c4ec                attitudeAnglePID
 .text.pidControl
                0x0800c550       0x20 build/pidControl.o
                0x0800c550                pidControl
 .text.attitudeRatePID
                0x0800c570       0xe4 build/pidControl.o
                0x0800c570                attitudeRatePID
 *fill*         0x0800c654        0x4 
 .text.controlMotor
                0x0800c658      0x218 build/pidControl.o
                0x0800c658                controlMotor
 .text.pidControlGyro
                0x0800c870       0x7c build/pidControl.o
                0x0800c870                pidControlGyro
 .text.mpu6050_wirte_byte
                0x0800c8ec       0x1a build/mpu6050_init.o
                0x0800c8ec                mpu6050_wirte_byte
 .text.mpu6050_sw_reset
                0x0800c906       0x1e build/mpu6050_init.o
                0x0800c906                mpu6050_sw_reset
 .text.mpu6050_set_gyro_fsr
                0x0800c924       0x12 build/mpu6050_init.o
                0x0800c924                mpu6050_set_gyro_fsr
 .text.mpu6050_set_accel_fsr
                0x0800c936       0x12 build/mpu6050_init.o
                0x0800c936                mpu6050_set_accel_fsr
 .text.mpu6050_set_lpf
                0x0800c948       0x36 build/mpu6050_init.o
                0x0800c948                mpu6050_set_lpf
 .text.mpu6050_set_rate
                0x0800c97e       0x38 build/mpu6050_init.o
                0x0800c97e                mpu6050_set_rate
 *fill*         0x0800c9b6        0x2 
 .text.MPU6050_mpl_init
                0x0800c9b8       0x24 build/mpu6050_SL.o
                0x0800c9b8                MPU6050_mpl_init
 *fill*         0x0800c9dc        0x4 
 .text.MPU6050_config
                0x0800c9e0      0x1dc build/mpu6050_SL.o
                0x0800c9e0                MPU6050_config
 .text.MPU6050_Init
                0x0800cbbc       0x6e build/mpu6050_SL.o
                0x0800cbbc                MPU6050_Init
 *fill*         0x0800cc2a        0x6 
 .text.MPU6050_getValue
                0x0800cc30      0x1cc build/mpu6050_SL.o
                0x0800cc30                MPU6050_getValue
 *fill*         0x0800cdfc        0x4 
 .text.mpu6050_get_gyrodata
                0x0800ce00       0xec build/mpu6050_SL.o
                0x0800ce00                mpu6050_get_gyrodata
 .text.vListInitialise
                0x0800ceec       0x16 build/list.o
                0x0800ceec                vListInitialise
 .text.vListInitialiseItem
                0x0800cf02        0x6 build/list.o
                0x0800cf02                vListInitialiseItem
 .text.vListInsert
                0x0800cf08       0x32 build/list.o
                0x0800cf08                vListInsert
 .text.uxListRemove
                0x0800cf3a       0x26 build/list.o
                0x0800cf3a                uxListRemove
 .text.prvResetNextTaskUnblockTime
                0x0800cf60       0x28 build/tasks.o
 .text.prvInitialiseNewTask
                0x0800cf88       0x84 build/tasks.o
 .text.prvInitialiseTaskLists
                0x0800d00c       0x68 build/tasks.o
 .text.prvAddNewTaskToReadyList
                0x0800d074       0xc4 build/tasks.o
 .text.prvDeleteTCB
                0x0800d138       0x38 build/tasks.o
 .text.prvCheckTasksWaitingTermination
                0x0800d170       0x4c build/tasks.o
 .text.prvIdleTask
                0x0800d1bc       0x28 build/tasks.o
 .text.prvAddCurrentTaskToDelayedList
                0x0800d1e4       0xb0 build/tasks.o
 .text.xTaskCreateStatic
                0x0800d294       0x96 build/tasks.o
                0x0800d294                xTaskCreateStatic
 .text.xTaskCreate
                0x0800d32a       0x68 build/tasks.o
                0x0800d32a                xTaskCreate
 *fill*         0x0800d392        0x2 
 .text.vTaskStartScheduler
                0x0800d394       0x7c build/tasks.o
                0x0800d394                vTaskStartScheduler
 .text.vTaskSuspendAll
                0x0800d410       0x10 build/tasks.o
                0x0800d410                vTaskSuspendAll
 .text.xTaskGetTickCount
                0x0800d420        0xc build/tasks.o
                0x0800d420                xTaskGetTickCount
 .text.xTaskIncrementTick
                0x0800d42c      0x178 build/tasks.o
                0x0800d42c                xTaskIncrementTick
 .text.xTaskResumeAll
                0x0800d5a4      0x14c build/tasks.o
                0x0800d5a4                xTaskResumeAll
 .text.vTaskSwitchContext
                0x0800d6f0       0x98 build/tasks.o
                0x0800d6f0                vTaskSwitchContext
 .text.ulTaskGenericNotifyTake
                0x0800d788       0xac build/tasks.o
                0x0800d788                ulTaskGenericNotifyTake
 .text.xTaskGenericNotify
                0x0800d834      0x174 build/tasks.o
                0x0800d834                xTaskGenericNotify
 .text.prvTaskExitError
                0x0800d9a8       0x40 build/port.o
 .text.prvPortStartFirstTask
                0x0800d9e8       0x28 build/port.o
 .text.vPortEnableVFP
                0x0800da10       0x14 build/port.o
 .text.pxPortInitialiseStack
                0x0800da24       0x2c build/port.o
                0x0800da24                pxPortInitialiseStack
 .text.SVC_Handler
                0x0800da50       0x24 build/port.o
                0x0800da50                SVC_Handler
 .text.vPortEnterCritical
                0x0800da74       0x44 build/port.o
                0x0800da74                vPortEnterCritical
 .text.vPortExitCritical
                0x0800dab8       0x2c build/port.o
                0x0800dab8                vPortExitCritical
 *fill*         0x0800dae4        0xc 
 .text.PendSV_Handler
                0x0800daf0       0x64 build/port.o
                0x0800daf0                PendSV_Handler
 .text.SysTick_Handler
                0x0800db54       0x2c build/port.o
                0x0800db54                SysTick_Handler
 .text.vPortSetupTimerInterrupt
                0x0800db80       0x28 build/port.o
                0x0800db80                vPortSetupTimerInterrupt
 .text.xPortStartScheduler
                0x0800dba8      0x118 build/port.o
                0x0800dba8                xPortStartScheduler
 .text.prvHeapInit
                0x0800dcc0       0x58 build/heap_4.o
 .text.prvInsertBlockIntoFreeList
                0x0800dd18       0x64 build/heap_4.o
 .text.pvPortMalloc
                0x0800dd7c       0xf4 build/heap_4.o
                0x0800dd7c                pvPortMalloc
 .text.vPortFree
                0x0800de70       0x78 build/heap_4.o
                0x0800de70                vPortFree
 .text.Reset_Handler
                0x0800dee8       0x50 build/startup_stm32f411xe.o
                0x0800dee8                Reset_Handler
 .text.Default_Handler
                0x0800df38        0x2 build/startup_stm32f411xe.o
                0x0800df38                DMA2_Stream6_IRQHandler
                0x0800df38                EXTI2_IRQHandler
                0x0800df38                SPI4_IRQHandler
                0x0800df38                TIM1_CC_IRQHandler
                0x0800df38                PVD_IRQHandler
                0x0800df38                SDIO_IRQHandler
                0x0800df38                TAMP_STAMP_IRQHandler
                0x0800df38                EXTI3_IRQHandler
                0x0800df38                TIM1_UP_TIM10_IRQHandler
                0x0800df38                I2C3_ER_IRQHandler
                0x0800df38                EXTI0_IRQHandler
                0x0800df38                I2C2_EV_IRQHandler
                0x0800df38                DMA1_Stream2_IRQHandler
                0x0800df38                FPU_IRQHandler
                0x0800df38                DMA2_Stream2_IRQHandler
                0x0800df38                SPI1_IRQHandler
                0x0800df38                TIM1_BRK_TIM9_IRQHandler
                0x0800df38                DMA2_Stream3_IRQHandler
                0x0800df38                USART6_IRQHandler
                0x0800df38                DMA2_Stream0_IRQHandler
                0x0800df38                TIM4_IRQHandler
                0x0800df38                DMA1_Stream6_IRQHandler
                0x0800df38                TIM3_IRQHandler
                0x0800df38                RCC_IRQHandler
                0x0800df38                Default_Handler
                0x0800df38                EXTI15_10_IRQHandler
                0x0800df38                ADC_IRQHandler
                0x0800df38                SPI5_IRQHandler
                0x0800df38                TIM5_IRQHandler
                0x0800df38                I2C3_EV_IRQHandler
                0x0800df38                EXTI9_5_IRQHandler
                0x0800df38                RTC_WKUP_IRQHandler
                0x0800df38                SPI2_IRQHandler
                0x0800df38                EXTI4_IRQHandler
                0x0800df38                WWDG_IRQHandler
                0x0800df38                TIM2_IRQHandler
                0x0800df38                OTG_FS_WKUP_IRQHandler
                0x0800df38                EXTI1_IRQHandler
                0x0800df38                USART2_IRQHandler
                0x0800df38                I2C2_ER_IRQHandler
                0x0800df38                DMA2_Stream1_IRQHandler
                0x0800df38                FLASH_IRQHandler
                0x0800df38                DMA2_Stream4_IRQHandler
                0x0800df38                OTG_FS_IRQHandler
                0x0800df38                SPI3_IRQHandler
                0x0800df38                RTC_Alarm_IRQHandler
 *fill*         0x0800df3a        0x2 
 .text.std      0x0800df3c       0x6c /Users/echo/Development/arm-gnu-toolchain/arm64-arm-none-eabi12/bin/../lib/gcc/arm-none-eabi/12.2.1/../../../../arm-none-eabi/lib/thumb/v7e-m+fp/hard/libc_nano.a(libc_a-findfp.o)
 .text.stdio_exit_handler
                0x0800dfa8       0x18 /Users/echo/Development/arm-gnu-toolchain/arm64-arm-none-eabi12/bin/../lib/gcc/arm-none-eabi/12.2.1/../../../../arm-none-eabi/lib/thumb/v7e-m+fp/hard/libc_nano.a(libc_a-findfp.o)
 .text.cleanup_stdio
                0x0800dfc0       0x40 /Users/echo/Development/arm-gnu-toolchain/arm64-arm-none-eabi12/bin/../lib/gcc/arm-none-eabi/12.2.1/../../../../arm-none-eabi/lib/thumb/v7e-m+fp/hard/libc_nano.a(libc_a-findfp.o)
 .text.global_stdio_init.part.0
                0x0800e000       0x3c /Users/echo/Development/arm-gnu-toolchain/arm64-arm-none-eabi12/bin/../lib/gcc/arm-none-eabi/12.2.1/../../../../arm-none-eabi/lib/thumb/v7e-m+fp/hard/libc_nano.a(libc_a-findfp.o)
 .text.__sfp_lock_acquire
                0x0800e03c        0xc /Users/echo/Development/arm-gnu-toolchain/arm64-arm-none-eabi12/bin/../lib/gcc/arm-none-eabi/12.2.1/../../../../arm-none-eabi/lib/thumb/v7e-m+fp/hard/libc_nano.a(libc_a-findfp.o)
                0x0800e03c                __sfp_lock_acquire
 .text.__sfp_lock_release
                0x0800e048        0xc /Users/echo/Development/arm-gnu-toolchain/arm64-arm-none-eabi12/bin/../lib/gcc/arm-none-eabi/12.2.1/../../../../arm-none-eabi/lib/thumb/v7e-m+fp/hard/libc_nano.a(libc_a-findfp.o)
                0x0800e048                __sfp_lock_release
 .text.__sinit  0x0800e054       0x30 /Users/echo/Development/arm-gnu-toolchain/arm64-arm-none-eabi12/bin/../lib/gcc/arm-none-eabi/12.2.1/../../../../arm-none-eabi/lib/thumb/v7e-m+fp/hard/libc_nano.a(libc_a-findfp.o)
                0x0800e054                __sinit
 .text._fwalk_sglue
                0x0800e084       0x3c /Users/echo/Development/arm-gnu-toolchain/arm64-arm-none-eabi12/bin/../lib/gcc/arm-none-eabi/12.2.1/../../../../arm-none-eabi/lib/thumb/v7e-m+fp/hard/libc_nano.a(libc_a-fwalk.o)
                0x0800e084                _fwalk_sglue
 .text.printf   0x0800e0c0       0x24 /Users/echo/Development/arm-gnu-toolchain/arm64-arm-none-eabi12/bin/../lib/gcc/arm-none-eabi/12.2.1/../../../../arm-none-eabi/lib/thumb/v7e-m+fp/hard/libc_nano.a(libc_a-printf.o)
                0x0800e0c0                printf
                0x0800e0c0                iprintf
 .text._puts_r  0x0800e0e4       0xaa /Users/echo/Development/arm-gnu-toolchain/arm64-arm-none-eabi12/bin/../lib/gcc/arm-none-eabi/12.2.1/../../../../arm-none-eabi/lib/thumb/v7e-m+fp/hard/libc_nano.a(libc_a-puts.o)
                0x0800e0e4                _puts_r
 *fill*         0x0800e18e        0x2 
 .text.puts     0x0800e190       0x10 /Users/echo/Development/arm-gnu-toolchain/arm64-arm-none-eabi12/bin/../lib/gcc/arm-none-eabi/12.2.1/../../../../arm-none-eabi/lib/thumb/v7e-m+fp/hard/libc_nano.a(libc_a-puts.o)
                0x0800e190                puts
 .text.memcmp   0x0800e1a0       0x20 /Users/echo/Development/arm-gnu-toolchain/arm64-arm-none-eabi12/bin/../lib/gcc/arm-none-eabi/12.2.1/../../../../arm-none-eabi/lib/thumb/v7e-m+fp/hard/libc_nano.a(libc_a-memcmp.o)
                0x0800e1a0                memcmp
 .text.memmove  0x0800e1c0       0x34 /Users/echo/Development/arm-gnu-toolchain/arm64-arm-none-eabi12/bin/../lib/gcc/arm-none-eabi/12.2.1/../../../../arm-none-eabi/lib/thumb/v7e-m+fp/hard/libc_nano.a(libc_a-memmove.o)
                0x0800e1c0                memmove
 .text.memset   0x0800e1f4       0x10 /Users/echo/Development/arm-gnu-toolchain/arm64-arm-none-eabi12/bin/../lib/gcc/arm-none-eabi/12.2.1/../../../../arm-none-eabi/lib/thumb/v7e-m+fp/hard/libc_nano.a(libc_a-memset.o)
                0x0800e1f4                memset
 .text.__errno  0x0800e204        0xc /Users/echo/Development/arm-gnu-toolchain/arm64-arm-none-eabi12/bin/../lib/gcc/arm-none-eabi/12.2.1/../../../../arm-none-eabi/lib/thumb/v7e-m+fp/hard/libc_nano.a(libc_a-errno.o)
                0x0800e204                __errno
 .text.__libc_init_array
                0x0800e210       0x48 /Users/echo/Development/arm-gnu-toolchain/arm64-arm-none-eabi12/bin/../lib/gcc/arm-none-eabi/12.2.1/../../../../arm-none-eabi/lib/thumb/v7e-m+fp/hard/libc_nano.a(libc_a-init.o)
                0x0800e210                __libc_init_array
 .text.__retarget_lock_init_recursive
                0x0800e258        0x2 /Users/echo/Development/arm-gnu-toolchain/arm64-arm-none-eabi12/bin/../lib/gcc/arm-none-eabi/12.2.1/../../../../arm-none-eabi/lib/thumb/v7e-m+fp/hard/libc_nano.a(libc_a-lock.o)
                0x0800e258                __retarget_lock_init_recursive
 .text.__retarget_lock_acquire_recursive
                0x0800e25a        0x2 /Users/echo/Development/arm-gnu-toolchain/arm64-arm-none-eabi12/bin/../lib/gcc/arm-none-eabi/12.2.1/../../../../arm-none-eabi/lib/thumb/v7e-m+fp/hard/libc_nano.a(libc_a-lock.o)
                0x0800e25a                __retarget_lock_acquire_recursive
 .text.__retarget_lock_release_recursive
                0x0800e25c        0x2 /Users/echo/Development/arm-gnu-toolchain/arm64-arm-none-eabi12/bin/../lib/gcc/arm-none-eabi/12.2.1/../../../../arm-none-eabi/lib/thumb/v7e-m+fp/hard/libc_nano.a(libc_a-lock.o)
                0x0800e25c                __retarget_lock_release_recursive
 .text.memcpy   0x0800e25e       0x1c /Users/echo/Development/arm-gnu-toolchain/arm64-arm-none-eabi12/bin/../lib/gcc/arm-none-eabi/12.2.1/../../../../arm-none-eabi/lib/thumb/v7e-m+fp/hard/libc_nano.a(libc_a-memcpy-stub.o)
                0x0800e25e                memcpy
 .text.__sfputc_r
                0x0800e27a       0x2e /Users/echo/Development/arm-gnu-toolchain/arm64-arm-none-eabi12/bin/../lib/gcc/arm-none-eabi/12.2.1/../../../../arm-none-eabi/lib/thumb/v7e-m+fp/hard/libc_nano.a(libc_a-nano-vfprintf.o)
 .text.__sfputs_r
                0x0800e2a8       0x24 /Users/echo/Development/arm-gnu-toolchain/arm64-arm-none-eabi12/bin/../lib/gcc/arm-none-eabi/12.2.1/../../../../arm-none-eabi/lib/thumb/v7e-m+fp/hard/libc_nano.a(libc_a-nano-vfprintf.o)
                0x0800e2a8                __sfputs_r
 .text._vfprintf_r
                0x0800e2cc      0x230 /Users/echo/Development/arm-gnu-toolchain/arm64-arm-none-eabi12/bin/../lib/gcc/arm-none-eabi/12.2.1/../../../../arm-none-eabi/lib/thumb/v7e-m+fp/hard/libc_nano.a(libc_a-nano-vfprintf.o)
                0x0800e2cc                _vfiprintf_r
                0x0800e2cc                _vfprintf_r
 .text.sbrk_aligned
                0x0800e4fc       0x44 /Users/echo/Development/arm-gnu-toolchain/arm64-arm-none-eabi12/bin/../lib/gcc/arm-none-eabi/12.2.1/../../../../arm-none-eabi/lib/thumb/v7e-m+fp/hard/libc_nano.a(libc_a-mallocr.o)
 .text._malloc_r
                0x0800e540      0x100 /Users/echo/Development/arm-gnu-toolchain/arm64-arm-none-eabi12/bin/../lib/gcc/arm-none-eabi/12.2.1/../../../../arm-none-eabi/lib/thumb/v7e-m+fp/hard/libc_nano.a(libc_a-mallocr.o)
                0x0800e540                _malloc_r
 .text._printf_common
                0x0800e640       0xda /Users/echo/Development/arm-gnu-toolchain/arm64-arm-none-eabi12/bin/../lib/gcc/arm-none-eabi/12.2.1/../../../../arm-none-eabi/lib/thumb/v7e-m+fp/hard/libc_nano.a(libc_a-nano-vfprintf_i.o)
                0x0800e640                _printf_common
 *fill*         0x0800e71a        0x2 
 .text._printf_i
                0x0800e71c      0x258 /Users/echo/Development/arm-gnu-toolchain/arm64-arm-none-eabi12/bin/../lib/gcc/arm-none-eabi/12.2.1/../../../../arm-none-eabi/lib/thumb/v7e-m+fp/hard/libc_nano.a(libc_a-nano-vfprintf_i.o)
                0x0800e71c                _printf_i
 .text.__sflush_r
                0x0800e974      0x108 /Users/echo/Development/arm-gnu-toolchain/arm64-arm-none-eabi12/bin/../lib/gcc/arm-none-eabi/12.2.1/../../../../arm-none-eabi/lib/thumb/v7e-m+fp/hard/libc_nano.a(libc_a-fflush.o)
                0x0800e974                __sflush_r
 .text._fflush_r
                0x0800ea7c       0x50 /Users/echo/Development/arm-gnu-toolchain/arm64-arm-none-eabi12/bin/../lib/gcc/arm-none-eabi/12.2.1/../../../../arm-none-eabi/lib/thumb/v7e-m+fp/hard/libc_nano.a(libc_a-fflush.o)
                0x0800ea7c                _fflush_r
 .text.__malloc_lock
                0x0800eacc        0xc /Users/echo/Development/arm-gnu-toolchain/arm64-arm-none-eabi12/bin/../lib/gcc/arm-none-eabi/12.2.1/../../../../arm-none-eabi/lib/thumb/v7e-m+fp/hard/libc_nano.a(libc_a-mlock.o)
                0x0800eacc                __malloc_lock
 .text.__malloc_unlock
                0x0800ead8        0xc /Users/echo/Development/arm-gnu-toolchain/arm64-arm-none-eabi12/bin/../lib/gcc/arm-none-eabi/12.2.1/../../../../arm-none-eabi/lib/thumb/v7e-m+fp/hard/libc_nano.a(libc_a-mlock.o)
                0x0800ead8                __malloc_unlock
 .text.__sread  0x0800eae4       0x22 /Users/echo/Development/arm-gnu-toolchain/arm64-arm-none-eabi12/bin/../lib/gcc/arm-none-eabi/12.2.1/../../../../arm-none-eabi/lib/thumb/v7e-m+fp/hard/libc_nano.a(libc_a-stdio.o)
                0x0800eae4                __sread
 .text.__swrite
                0x0800eb06       0x38 /Users/echo/Development/arm-gnu-toolchain/arm64-arm-none-eabi12/bin/../lib/gcc/arm-none-eabi/12.2.1/../../../../arm-none-eabi/lib/thumb/v7e-m+fp/hard/libc_nano.a(libc_a-stdio.o)
                0x0800eb06                __swrite
 .text.__sseek  0x0800eb3e       0x24 /Users/echo/Development/arm-gnu-toolchain/arm64-arm-none-eabi12/bin/../lib/gcc/arm-none-eabi/12.2.1/../../../../arm-none-eabi/lib/thumb/v7e-m+fp/hard/libc_nano.a(libc_a-stdio.o)
                0x0800eb3e                __sseek
 .text.__sclose
                0x0800eb62        0x8 /Users/echo/Development/arm-gnu-toolchain/arm64-arm-none-eabi12/bin/../lib/gcc/arm-none-eabi/12.2.1/../../../../arm-none-eabi/lib/thumb/v7e-m+fp/hard/libc_nano.a(libc_a-stdio.o)
                0x0800eb62                __sclose
 .text.__swbuf_r
                0x0800eb6a       0x7c /Users/echo/Development/arm-gnu-toolchain/arm64-arm-none-eabi12/bin/../lib/gcc/arm-none-eabi/12.2.1/../../../../arm-none-eabi/lib/thumb/v7e-m+fp/hard/libc_nano.a(libc_a-wbuf.o)
                0x0800eb6a                __swbuf_r
 *fill*         0x0800ebe6        0x2 
 .text.__swsetup_r
                0x0800ebe8       0xac /Users/echo/Development/arm-gnu-toolchain/arm64-arm-none-eabi12/bin/../lib/gcc/arm-none-eabi/12.2.1/../../../../arm-none-eabi/lib/thumb/v7e-m+fp/hard/libc_nano.a(libc_a-wsetup.o)
                0x0800ebe8                __swsetup_r
 .text.__swhatbuf_r
                0x0800ec94       0x4c /Users/echo/Development/arm-gnu-toolchain/arm64-arm-none-eabi12/bin/../lib/gcc/arm-none-eabi/12.2.1/../../../../arm-none-eabi/lib/thumb/v7e-m+fp/hard/libc_nano.a(libc_a-makebuf.o)
                0x0800ec94                __swhatbuf_r
 .text.__smakebuf_r
                0x0800ece0       0x78 /Users/echo/Development/arm-gnu-toolchain/arm64-arm-none-eabi12/bin/../lib/gcc/arm-none-eabi/12.2.1/../../../../arm-none-eabi/lib/thumb/v7e-m+fp/hard/libc_nano.a(libc_a-makebuf.o)
                0x0800ece0                __smakebuf_r
 .text._close_r
                0x0800ed58       0x20 /Users/echo/Development/arm-gnu-toolchain/arm64-arm-none-eabi12/bin/../lib/gcc/arm-none-eabi/12.2.1/../../../../arm-none-eabi/lib/thumb/v7e-m+fp/hard/libc_nano.a(libc_a-closer.o)
                0x0800ed58                _close_r
 .text._fstat_r
                0x0800ed78       0x24 /Users/echo/Development/arm-gnu-toolchain/arm64-arm-none-eabi12/bin/../lib/gcc/arm-none-eabi/12.2.1/../../../../arm-none-eabi/lib/thumb/v7e-m+fp/hard/libc_nano.a(libc_a-fstatr.o)
                0x0800ed78                _fstat_r
 .text._isatty_r
                0x0800ed9c       0x20 /Users/echo/Development/arm-gnu-toolchain/arm64-arm-none-eabi12/bin/../lib/gcc/arm-none-eabi/12.2.1/../../../../arm-none-eabi/lib/thumb/v7e-m+fp/hard/libc_nano.a(libc_a-isattyr.o)
                0x0800ed9c                _isatty_r
 .text._lseek_r
                0x0800edbc       0x24 /Users/echo/Development/arm-gnu-toolchain/arm64-arm-none-eabi12/bin/../lib/gcc/arm-none-eabi/12.2.1/../../../../arm-none-eabi/lib/thumb/v7e-m+fp/hard/libc_nano.a(libc_a-lseekr.o)
                0x0800edbc                _lseek_r
 .text._read_r  0x0800ede0       0x24 /Users/echo/Development/arm-gnu-toolchain/arm64-arm-none-eabi12/bin/../lib/gcc/arm-none-eabi/12.2.1/../../../../arm-none-eabi/lib/thumb/v7e-m+fp/hard/libc_nano.a(libc_a-readr.o)
                0x0800ede0                _read_r
 .text._sbrk_r  0x0800ee04       0x20 /Users/echo/Development/arm-gnu-toolchain/arm64-arm-none-eabi12/bin/../lib/gcc/arm-none-eabi/12.2.1/../../../../arm-none-eabi/lib/thumb/v7e-m+fp/hard/libc_nano.a(libc_a-sbrkr.o)
                0x0800ee04                _sbrk_r
 .text._write_r
                0x0800ee24       0x24 /Users/echo/Development/arm-gnu-toolchain/arm64-arm-none-eabi12/bin/../lib/gcc/arm-none-eabi/12.2.1/../../../../arm-none-eabi/lib/thumb/v7e-m+fp/hard/libc_nano.a(libc_a-writer.o)
                0x0800ee24                _write_r
 .text._free_r  0x0800ee48       0x94 /Users/echo/Development/arm-gnu-toolchain/arm64-arm-none-eabi12/bin/../lib/gcc/arm-none-eabi/12.2.1/../../../../arm-none-eabi/lib/thumb/v7e-m+fp/hard/libc_nano.a(libc_a-freer.o)
                0x0800ee48                _free_r
 .text.atan2f   0x0800eedc        0x4 /Users/echo/Development/arm-gnu-toolchain/arm64-arm-none-eabi12/bin/../lib/gcc/arm-none-eabi/12.2.1/../../../../arm-none-eabi/lib/thumb/v7e-m+fp/hard/libm.a(libm_a-wf_atan2.o)
                0x0800eedc                atan2f
 .text.asin     0x0800eee0       0x68 /Users/echo/Development/arm-gnu-toolchain/arm64-arm-none-eabi12/bin/../lib/gcc/arm-none-eabi/12.2.1/../../../../arm-none-eabi/lib/thumb/v7e-m+fp/hard/libm.a(libm_a-w_asin.o)
                0x0800eee0                asin
 .text.atan2    0x0800ef48        0x4 /Users/echo/Development/arm-gnu-toolchain/arm64-arm-none-eabi12/bin/../lib/gcc/arm-none-eabi/12.2.1/../../../../arm-none-eabi/lib/thumb/v7e-m+fp/hard/libm.a(libm_a-w_atan2.o)
                0x0800ef48                atan2
 *fill*         0x0800ef4c        0x4 
 .text.__ieee754_asin
                0x0800ef50      0x484 /Users/echo/Development/arm-gnu-toolchain/arm64-arm-none-eabi12/bin/../lib/gcc/arm-none-eabi/12.2.1/../../../../arm-none-eabi/lib/thumb/v7e-m+fp/hard/libm.a(libm_a-e_asin.o)
                0x0800ef50                __ieee754_asin
 *fill*         0x0800f3d4        0x4 
 .text.__ieee754_atan2
                0x0800f3d8      0x1ac /Users/echo/Development/arm-gnu-toolchain/arm64-arm-none-eabi12/bin/../lib/gcc/arm-none-eabi/12.2.1/../../../../arm-none-eabi/lib/thumb/v7e-m+fp/hard/libm.a(libm_a-e_atan2.o)
                0x0800f3d8                __ieee754_atan2
 .text.sqrtf    0x0800f584       0x44 /Users/echo/Development/arm-gnu-toolchain/arm64-arm-none-eabi12/bin/../lib/gcc/arm-none-eabi/12.2.1/../../../../arm-none-eabi/lib/thumb/v7e-m+fp/hard/libm.a(libm_a-wf_sqrt.o)
                0x0800f584                sqrtf
 .text.fabsf    0x0800f5c8       0x10 /Users/echo/Development/arm-gnu-toolchain/arm64-arm-none-eabi12/bin/../lib/gcc/arm-none-eabi/12.2.1/../../../../arm-none-eabi/lib/thumb/v7e-m+fp/hard/libm.a(libm_a-sf_fabs.o)
                0x0800f5c8                fabsf
 .text.atan     0x0800f5d8      0x328 /Users/echo/Development/arm-gnu-toolchain/arm64-arm-none-eabi12/bin/../lib/gcc/arm-none-eabi/12.2.1/../../../../arm-none-eabi/lib/thumb/v7e-m+fp/hard/libm.a(libm_a-s_atan.o)
                0x0800f5d8                atan
 .text.fabs     0x0800f900       0x10 /Users/echo/Development/arm-gnu-toolchain/arm64-arm-none-eabi12/bin/../lib/gcc/arm-none-eabi/12.2.1/../../../../arm-none-eabi/lib/thumb/v7e-m+fp/hard/libm.a(libm_a-s_fabs.o)
                0x0800f900                fabs
 .text.nanf     0x0800f910        0xc /Users/echo/Development/arm-gnu-toolchain/arm64-arm-none-eabi12/bin/../lib/gcc/arm-none-eabi/12.2.1/../../../../arm-none-eabi/lib/thumb/v7e-m+fp/hard/libm.a(libm_a-sf_nan.o)
                0x0800f910                nanf
 .text.__ieee754_atan2f
                0x0800f91c      0x150 /Users/echo/Development/arm-gnu-toolchain/arm64-arm-none-eabi12/bin/../lib/gcc/arm-none-eabi/12.2.1/../../../../arm-none-eabi/lib/thumb/v7e-m+fp/hard/libm.a(libm_a-ef_atan2.o)
                0x0800f91c                __ieee754_atan2f
 .text.__ieee754_sqrt
                0x0800fa6c      0x1f4 /Users/echo/Development/arm-gnu-toolchain/arm64-arm-none-eabi12/bin/../lib/gcc/arm-none-eabi/12.2.1/../../../../arm-none-eabi/lib/thumb/v7e-m+fp/hard/libm.a(libm_a-e_sqrt.o)
                0x0800fa6c                __ieee754_sqrt
 .text.__ieee754_sqrtf
                0x0800fc60        0x8 /Users/echo/Development/arm-gnu-toolchain/arm64-arm-none-eabi12/bin/../lib/gcc/arm-none-eabi/12.2.1/../../../../arm-none-eabi/lib/thumb/v7e-m+fp/hard/libm.a(libm_a-ef_sqrt.o)
                0x0800fc60                __ieee754_sqrtf
 .text.nan      0x0800fc68       0x10 /Users/echo/Development/arm-gnu-toolchain/arm64-arm-none-eabi12/bin/../lib/gcc/arm-none-eabi/12.2.1/../../../../arm-none-eabi/lib/thumb/v7e-m+fp/hard/libm.a(libm_a-s_nan.o)
                0x0800fc68                nan
 .text.atanf    0x0800fc78      0x1ac /Users/echo/Development/arm-gnu-toolchain/arm64-arm-none-eabi12/bin/../lib/gcc/arm-none-eabi/12.2.1/../../../../arm-none-eabi/lib/thumb/v7e-m+fp/hard/libm.a(libm_a-sf_atan.o)
                0x0800fc78                atanf
 .text._close   0x0800fe24       0x10 /Users/echo/Development/arm-gnu-toolchain/arm64-arm-none-eabi12/bin/../lib/gcc/arm-none-eabi/12.2.1/../../../../arm-none-eabi/lib/thumb/v7e-m+fp/hard/libnosys.a(close.o)
                0x0800fe24                _close
 .text._fstat   0x0800fe34       0x10 /Users/echo/Development/arm-gnu-toolchain/arm64-arm-none-eabi12/bin/../lib/gcc/arm-none-eabi/12.2.1/../../../../arm-none-eabi/lib/thumb/v7e-m+fp/hard/libnosys.a(fstat.o)
                0x0800fe34                _fstat
 .text._isatty  0x0800fe44       0x10 /Users/echo/Development/arm-gnu-toolchain/arm64-arm-none-eabi12/bin/../lib/gcc/arm-none-eabi/12.2.1/../../../../arm-none-eabi/lib/thumb/v7e-m+fp/hard/libnosys.a(isatty.o)
                0x0800fe44                _isatty
 .text._lseek   0x0800fe54       0x10 /Users/echo/Development/arm-gnu-toolchain/arm64-arm-none-eabi12/bin/../lib/gcc/arm-none-eabi/12.2.1/../../../../arm-none-eabi/lib/thumb/v7e-m+fp/hard/libnosys.a(lseek.o)
                0x0800fe54                _lseek
 .text._read    0x0800fe64       0x10 /Users/echo/Development/arm-gnu-toolchain/arm64-arm-none-eabi12/bin/../lib/gcc/arm-none-eabi/12.2.1/../../../../arm-none-eabi/lib/thumb/v7e-m+fp/hard/libnosys.a(read.o)
                0x0800fe64                _read
 .text._sbrk    0x0800fe74       0x1c /Users/echo/Development/arm-gnu-toolchain/arm64-arm-none-eabi12/bin/../lib/gcc/arm-none-eabi/12.2.1/../../../../arm-none-eabi/lib/thumb/v7e-m+fp/hard/libnosys.a(sbrk.o)
                0x0800fe74                _sbrk
 .text.__fixsfdi
                0x0800fe90       0x28 /Users/echo/Development/arm-gnu-toolchain/arm64-arm-none-eabi12/bin/../lib/gcc/arm-none-eabi/12.2.1/thumb/v7e-m+fp/hard/libgcc.a(_fixsfdi.o)
                0x0800fe90                __aeabi_f2lz
                0x0800fe90                __fixsfdi
 .text.__fixunssfdi
                0x0800feb8       0x40 /Users/echo/Development/arm-gnu-toolchain/arm64-arm-none-eabi12/bin/../lib/gcc/arm-none-eabi/12.2.1/thumb/v7e-m+fp/hard/libgcc.a(_fixunssfdi.o)
                0x0800feb8                __aeabi_f2ulz
                0x0800feb8                __fixunssfdi
 .text.__udivmoddi4
                0x0800fef8      0x2bc /Users/echo/Development/arm-gnu-toolchain/arm64-arm-none-eabi12/bin/../lib/gcc/arm-none-eabi/12.2.1/thumb/v7e-m+fp/hard/libgcc.a(_udivmoddi4.o)
                0x0800fef8                __udivmoddi4
 .text.acosf    0x080101b4       0x58 /Users/echo/Development/arm-gnu-toolchain/arm64-arm-none-eabi12/bin/../lib/gcc/arm-none-eabi/12.2.1/../../../../arm-none-eabi/lib/thumb/v7e-m+fp/hard/libm.a(libm_a-wf_acos.o)
                0x080101b4                acosf
 .text.cosf     0x0801020c       0x70 /Users/echo/Development/arm-gnu-toolchain/arm64-arm-none-eabi12/bin/../lib/gcc/arm-none-eabi/12.2.1/../../../../arm-none-eabi/lib/thumb/v7e-m+fp/hard/libm.a(libm_a-sf_cos.o)
                0x0801020c                cosf
 .text.sinf     0x0801027c       0x74 /Users/echo/Development/arm-gnu-toolchain/arm64-arm-none-eabi12/bin/../lib/gcc/arm-none-eabi/12.2.1/../../../../arm-none-eabi/lib/thumb/v7e-m+fp/hard/libm.a(libm_a-sf_sin.o)
                0x0801027c                sinf
 .text.__kernel_cosf
                0x080102f0      0x104 /Users/echo/Development/arm-gnu-toolchain/arm64-arm-none-eabi12/bin/../lib/gcc/arm-none-eabi/12.2.1/../../../../arm-none-eabi/lib/thumb/v7e-m+fp/hard/libm.a(libm_a-kf_cos.o)
                0x080102f0                __kernel_cosf
 .text.__kernel_sinf
                0x080103f4       0x90 /Users/echo/Development/arm-gnu-toolchain/arm64-arm-none-eabi12/bin/../lib/gcc/arm-none-eabi/12.2.1/../../../../arm-none-eabi/lib/thumb/v7e-m+fp/hard/libm.a(libm_a-kf_sin.o)
                0x080103f4                __kernel_sinf
 .text.__ieee754_acosf
                0x08010484      0x24c /Users/echo/Development/arm-gnu-toolchain/arm64-arm-none-eabi12/bin/../lib/gcc/arm-none-eabi/12.2.1/../../../../arm-none-eabi/lib/thumb/v7e-m+fp/hard/libm.a(libm_a-ef_acos.o)
                0x08010484                __ieee754_acosf
 .text.__ieee754_rem_pio2f
                0x080106d0      0x260 /Users/echo/Development/arm-gnu-toolchain/arm64-arm-none-eabi12/bin/../lib/gcc/arm-none-eabi/12.2.1/../../../../arm-none-eabi/lib/thumb/v7e-m+fp/hard/libm.a(libm_a-ef_rem_pio2.o)
                0x080106d0                __ieee754_rem_pio2f
 .text.__kernel_rem_pio2f
                0x08010930      0x66c /Users/echo/Development/arm-gnu-toolchain/arm64-arm-none-eabi12/bin/../lib/gcc/arm-none-eabi/12.2.1/../../../../arm-none-eabi/lib/thumb/v7e-m+fp/hard/libm.a(libm_a-kf_rem_pio2.o)
                0x08010930                __kernel_rem_pio2f
 .text.floorf   0x08010f9c       0x94 /Users/echo/Development/arm-gnu-toolchain/arm64-arm-none-eabi12/bin/../lib/gcc/arm-none-eabi/12.2.1/../../../../arm-none-eabi/lib/thumb/v7e-m+fp/hard/libm.a(libm_a-sf_floor.o)
                0x08010f9c                floorf
 .text.scalbnf  0x08011030       0xe4 /Users/echo/Development/arm-gnu-toolchain/arm64-arm-none-eabi12/bin/../lib/gcc/arm-none-eabi/12.2.1/../../../../arm-none-eabi/lib/thumb/v7e-m+fp/hard/libm.a(libm_a-sf_scalbn.o)
                0x08011030                scalbnf
 *(.glue_7)
 .glue_7        0x08011114        0x0 linker stubs
 *(.glue_7t)
 .glue_7t       0x08011114        0x0 linker stubs
 *(.eh_frame)
 .eh_frame      0x08011114        0x0 /Users/echo/Development/arm-gnu-toolchain/arm64-arm-none-eabi12/bin/../lib/gcc/arm-none-eabi/12.2.1/thumb/v7e-m+fp/hard/crtbegin.o
 *(.init)
 .init          0x08011114        0x4 /Users/echo/Development/arm-gnu-toolchain/arm64-arm-none-eabi12/bin/../lib/gcc/arm-none-eabi/12.2.1/thumb/v7e-m+fp/hard/crti.o
                0x08011114                _init
 .init          0x08011118        0x8 /Users/echo/Development/arm-gnu-toolchain/arm64-arm-none-eabi12/bin/../lib/gcc/arm-none-eabi/12.2.1/thumb/v7e-m+fp/hard/crtn.o
 *(.fini)
 .fini          0x08011120        0x4 /Users/echo/Development/arm-gnu-toolchain/arm64-arm-none-eabi12/bin/../lib/gcc/arm-none-eabi/12.2.1/thumb/v7e-m+fp/hard/crti.o
                0x08011120                _fini
 .fini          0x08011124        0x8 /Users/echo/Development/arm-gnu-toolchain/arm64-arm-none-eabi12/bin/../lib/gcc/arm-none-eabi/12.2.1/thumb/v7e-m+fp/hard/crtn.o
                0x0801112c                        . = ALIGN (0x4)
                0x0801112c                        _etext = .

.vfp11_veneer   0x0801112c        0x0
 .vfp11_veneer  0x0801112c        0x0 linker stubs

.v4_bx          0x0801112c        0x0
 .v4_bx         0x0801112c        0x0 linker stubs

.iplt           0x0801112c        0x0
 .iplt          0x0801112c        0x0 /Users/echo/Development/arm-gnu-toolchain/arm64-arm-none-eabi12/bin/../lib/gcc/arm-none-eabi/12.2.1/thumb/v7e-m+fp/hard/crtbegin.o

.rodata         0x08011130     0x1250
                0x08011130                        . = ALIGN (0x4)
 *(.rodata)
 *(.rodata*)
 .rodata.main.str1.4
                0x08011130       0x24 build/main.o
 .rodata.flagBitshiftOffset.0
                0x08011154        0x8 build/stm32f4xx_hal_dma.o
 .rodata.APBPrescTable
                0x0801115c        0x8 build/system_stm32f4xx.o
                0x0801115c                APBPrescTable
 .rodata.AHBPrescTable
                0x08011164       0x10 build/system_stm32f4xx.o
                0x08011164                AHBPrescTable
 .rodata.atk_ms6050_run_self_test.str1.4
                0x08011174       0x1a build/inv_mpu.o
 *fill*         0x0801118e        0x2 
 .rodata.test   0x08011190       0x28 build/inv_mpu.o
                0x08011190                test
 .rodata.hw     0x080111b8        0xc build/inv_mpu.o
                0x080111b8                hw
 .rodata.reg    0x080111c4       0x1e build/inv_mpu.o
                0x080111c4                reg
 *fill*         0x080111e2        0x2 
 .rodata.dmp_set_orientation.str1.4
                0x080111e4       0x10 build/inv_mpu_dmp_motion_driver.o
 .rodata.dmp_set_fifo_rate.str1.4